WARNING: All log messages before absl::InitializeLog() is called are written to STDERR
I0000 00:00:1789051284.008540   29652 port.cc:153] oneDNN custom operations are on. You may see slightly different numerical results due to floating-point round-off errors from different computation orders. To turn them off, set the environment variable `TF_ENABLE_ONEDNN_OPTS=0`.
WARNING: All log messages before absl::InitializeLog() is called are written to STDERR
I0000 00:00:1789051287.017040   29652 port.cc:153] oneDNN custom operations are on. You may see slightly different numerical results due to floating-point round-off errors from different computation orders. To turn them off, set the environment variable `TF_ENABLE_ONEDNN_OPTS=0`.
[cfg] mlp_v_s0 epochs=100 batch=100 n_train=45000
[data] mlp_v_s0 len=1400 train=45000 attack=100000 key=0x22
I0000 00:00:1789051353.276949   29652 cpu_feature_guard.cc:227] This TensorFlow binary is optimized to use available CPU instructions in performance-critical operations.
To enable the following instructions: SSE3 SSE4.1 SSE4.2 AVX AVX2 FMA, in other operations, rebuild TensorFlow with the appropriate compiler flags.
WARNING:tensorflow:TensorFlow GPU support is not available on native Windows for TensorFlow >= 2.11. Even if CUDA/cuDNN are installed, GPU will not be used. Please use WSL2 or the TensorFlow-DirectML plugin.
[model] mlp_v_s0 trainable params=532656
Epoch 1/100
450/450 - 3s - 7ms/step - accuracy: 0.0038 - loss: 5.5530
Epoch 2/100
450/450 - 2s - 5ms/step - accuracy: 0.0039 - loss: 5.5473
Epoch 3/100
450/450 - 2s - 5ms/step - accuracy: 0.0042 - loss: 5.5445
Epoch 4/100
450/450 - 2s - 5ms/step - accuracy: 0.0044 - loss: 5.5424
Epoch 5/100
450/450 - 2s - 5ms/step - accuracy: 0.0048 - loss: 5.5406
Epoch 6/100
450/450 - 2s - 5ms/step - accuracy: 0.0053 - loss: 5.5389
Epoch 7/100
450/450 - 2s - 5ms/step - accuracy: 0.0057 - loss: 5.5373
Epoch 8/100
450/450 - 2s - 5ms/step - accuracy: 0.0061 - loss: 5.5357
Epoch 9/100
450/450 - 2s - 5ms/step - accuracy: 0.0064 - loss: 5.5341
Epoch 10/100
450/450 - 2s - 5ms/step - accuracy: 0.0066 - loss: 5.5326
Epoch 11/100
450/450 - 2s - 5ms/step - accuracy: 0.0068 - loss: 5.5310
Epoch 12/100
450/450 - 2s - 5ms/step - accuracy: 0.0068 - loss: 5.5294
Epoch 13/100
450/450 - 2s - 5ms/step - accuracy: 0.0070 - loss: 5.5278
Epoch 14/100
450/450 - 2s - 5ms/step - accuracy: 0.0073 - loss: 5.5262
Epoch 15/100
450/450 - 2s - 5ms/step - accuracy: 0.0074 - loss: 5.5245
Epoch 16/100
450/450 - 2s - 5ms/step - accuracy: 0.0077 - loss: 5.5228
Epoch 17/100
450/450 - 2s - 4ms/step - accuracy: 0.0081 - loss: 5.5210
Epoch 18/100
450/450 - 2s - 5ms/step - accuracy: 0.0087 - loss: 5.5192
Epoch 19/100
450/450 - 2s - 5ms/step - accuracy: 0.0088 - loss: 5.5174
Epoch 20/100
450/450 - 2s - 5ms/step - accuracy: 0.0091 - loss: 5.5155
Epoch 21/100
450/450 - 2s - 5ms/step - accuracy: 0.0092 - loss: 5.5136
Epoch 22/100
450/450 - 2s - 5ms/step - accuracy: 0.0094 - loss: 5.5116
Epoch 23/100
450/450 - 2s - 5ms/step - accuracy: 0.0096 - loss: 5.5096
Epoch 24/100
450/450 - 2s - 5ms/step - accuracy: 0.0097 - loss: 5.5075
Epoch 25/100
450/450 - 2s - 5ms/step - accuracy: 0.0099 - loss: 5.5053
Epoch 26/100
450/450 - 2s - 4ms/step - accuracy: 0.0103 - loss: 5.5031
Epoch 27/100
450/450 - 2s - 5ms/step - accuracy: 0.0106 - loss: 5.5008
Epoch 28/100
450/450 - 3s - 7ms/step - accuracy: 0.0109 - loss: 5.4985
Epoch 29/100
450/450 - 2s - 5ms/step - accuracy: 0.0114 - loss: 5.4961
Epoch 30/100
450/450 - 2s - 5ms/step - accuracy: 0.0111 - loss: 5.4936
Epoch 31/100
450/450 - 2s - 5ms/step - accuracy: 0.0115 - loss: 5.4911
Epoch 32/100
450/450 - 2s - 5ms/step - accuracy: 0.0118 - loss: 5.4886
Epoch 33/100
450/450 - 2s - 5ms/step - accuracy: 0.0122 - loss: 5.4859
Epoch 34/100
450/450 - 2s - 5ms/step - accuracy: 0.0125 - loss: 5.4832
Epoch 35/100
450/450 - 2s - 5ms/step - accuracy: 0.0130 - loss: 5.4805
Epoch 36/100
450/450 - 3s - 6ms/step - accuracy: 0.0134 - loss: 5.4776
Epoch 37/100
450/450 - 2s - 5ms/step - accuracy: 0.0138 - loss: 5.4747
Epoch 38/100
450/450 - 2s - 5ms/step - accuracy: 0.0140 - loss: 5.4717
Epoch 39/100
450/450 - 2s - 5ms/step - accuracy: 0.0145 - loss: 5.4687
Epoch 40/100
450/450 - 2s - 5ms/step - accuracy: 0.0147 - loss: 5.4655
Epoch 41/100
450/450 - 3s - 8ms/step - accuracy: 0.0150 - loss: 5.4623
Epoch 42/100
450/450 - 3s - 6ms/step - accuracy: 0.0154 - loss: 5.4591
Epoch 43/100
450/450 - 4s - 10ms/step - accuracy: 0.0156 - loss: 5.4557
Epoch 44/100
450/450 - 3s - 6ms/step - accuracy: 0.0162 - loss: 5.4524
Epoch 45/100
450/450 - 4s - 8ms/step - accuracy: 0.0165 - loss: 5.4489
Epoch 46/100
450/450 - 5s - 10ms/step - accuracy: 0.0168 - loss: 5.4453
Epoch 47/100
450/450 - 3s - 7ms/step - accuracy: 0.0170 - loss: 5.4417
Epoch 48/100
450/450 - 2s - 5ms/step - accuracy: 0.0172 - loss: 5.4379
Epoch 49/100
450/450 - 2s - 5ms/step - accuracy: 0.0177 - loss: 5.4341
Epoch 50/100
450/450 - 3s - 6ms/step - accuracy: 0.0178 - loss: 5.4303
Epoch 51/100
450/450 - 5s - 11ms/step - accuracy: 0.0182 - loss: 5.4263
Epoch 52/100
450/450 - 2s - 6ms/step - accuracy: 0.0185 - loss: 5.4222
Epoch 53/100
450/450 - 3s - 6ms/step - accuracy: 0.0191 - loss: 5.4181
Epoch 54/100
450/450 - 2s - 5ms/step - accuracy: 0.0197 - loss: 5.4139
Epoch 55/100
450/450 - 3s - 6ms/step - accuracy: 0.0202 - loss: 5.4097
Epoch 56/100
450/450 - 3s - 6ms/step - accuracy: 0.0208 - loss: 5.4053
Epoch 57/100
450/450 - 5s - 11ms/step - accuracy: 0.0210 - loss: 5.4009
Epoch 58/100
450/450 - 2s - 5ms/step - accuracy: 0.0216 - loss: 5.3964
Epoch 59/100
450/450 - 2s - 6ms/step - accuracy: 0.0220 - loss: 5.3919
Epoch 60/100
450/450 - 3s - 6ms/step - accuracy: 0.0225 - loss: 5.3872
Epoch 61/100
450/450 - 2s - 5ms/step - accuracy: 0.0226 - loss: 5.3825
Epoch 62/100
450/450 - 3s - 6ms/step - accuracy: 0.0230 - loss: 5.3778
Epoch 63/100
450/450 - 2s - 5ms/step - accuracy: 0.0234 - loss: 5.3729
Epoch 64/100
450/450 - 2s - 6ms/step - accuracy: 0.0238 - loss: 5.3680
Epoch 65/100
450/450 - 2s - 5ms/step - accuracy: 0.0239 - loss: 5.3630
Epoch 66/100
450/450 - 3s - 6ms/step - accuracy: 0.0243 - loss: 5.3580
Epoch 67/100
450/450 - 2s - 5ms/step - accuracy: 0.0248 - loss: 5.3529
Epoch 68/100
450/450 - 2s - 5ms/step - accuracy: 0.0251 - loss: 5.3477
Epoch 69/100
450/450 - 3s - 6ms/step - accuracy: 0.0256 - loss: 5.3425
Epoch 70/100
450/450 - 3s - 6ms/step - accuracy: 0.0261 - loss: 5.3372
Epoch 71/100
450/450 - 3s - 7ms/step - accuracy: 0.0265 - loss: 5.3319
Epoch 72/100
450/450 - 3s - 6ms/step - accuracy: 0.0270 - loss: 5.3265
Epoch 73/100
450/450 - 3s - 6ms/step - accuracy: 0.0274 - loss: 5.3210
Epoch 74/100
450/450 - 3s - 6ms/step - accuracy: 0.0277 - loss: 5.3155
Epoch 75/100
450/450 - 2s - 5ms/step - accuracy: 0.0281 - loss: 5.3099
Epoch 76/100
450/450 - 3s - 6ms/step - accuracy: 0.0285 - loss: 5.3043
Epoch 77/100
450/450 - 3s - 6ms/step - accuracy: 0.0290 - loss: 5.2986
Epoch 78/100
450/450 - 3s - 6ms/step - accuracy: 0.0296 - loss: 5.2929
Epoch 79/100
450/450 - 2s - 5ms/step - accuracy: 0.0300 - loss: 5.2871
Epoch 80/100
450/450 - 3s - 6ms/step - accuracy: 0.0302 - loss: 5.2813
Epoch 81/100
450/450 - 2s - 5ms/step - accuracy: 0.0304 - loss: 5.2754
Epoch 82/100
450/450 - 3s - 6ms/step - accuracy: 0.0308 - loss: 5.2695
Epoch 83/100
450/450 - 2s - 6ms/step - accuracy: 0.0312 - loss: 5.2635
Epoch 84/100
450/450 - 3s - 6ms/step - accuracy: 0.0316 - loss: 5.2575
Epoch 85/100
450/450 - 2s - 5ms/step - accuracy: 0.0323 - loss: 5.2515
Epoch 86/100
450/450 - 3s - 6ms/step - accuracy: 0.0329 - loss: 5.2453
Epoch 87/100
450/450 - 2s - 6ms/step - accuracy: 0.0334 - loss: 5.2392
Epoch 88/100
450/450 - 3s - 6ms/step - accuracy: 0.0340 - loss: 5.2330
Epoch 89/100
450/450 - 3s - 6ms/step - accuracy: 0.0344 - loss: 5.2268
Epoch 90/100
450/450 - 4s - 9ms/step - accuracy: 0.0347 - loss: 5.2205
Epoch 91/100
450/450 - 6s - 13ms/step - accuracy: 0.0352 - loss: 5.2142
Epoch 92/100
450/450 - 2s - 5ms/step - accuracy: 0.0361 - loss: 5.2078
Epoch 93/100
450/450 - 2s - 5ms/step - accuracy: 0.0366 - loss: 5.2015
Epoch 94/100
450/450 - 2s - 5ms/step - accuracy: 0.0373 - loss: 5.1950
Epoch 95/100
450/450 - 3s - 6ms/step - accuracy: 0.0379 - loss: 5.1885
Epoch 96/100
450/450 - 2s - 5ms/step - accuracy: 0.0387 - loss: 5.1821
Epoch 97/100
450/450 - 2s - 5ms/step - accuracy: 0.0390 - loss: 5.1755
Epoch 98/100
450/450 - 3s - 6ms/step - accuracy: 0.0393 - loss: 5.1690
Epoch 99/100
450/450 - 2s - 5ms/step - accuracy: 0.0399 - loss: 5.1624
Epoch 100/100
450/450 - 2s - 5ms/step - accuracy: 0.0406 - loss: 5.1557
[GE] mlp_v_s0 min=83.540@2886 final=85.550 recov[GE<0.5]=None (GE<1=None) time=5.5min
