WARNING: All log messages before absl::InitializeLog() is called are written to STDERR
I0000 00:00:1789035716.245945   13784 port.cc:153] oneDNN custom operations are on. You may see slightly different numerical results due to floating-point round-off errors from different computation orders. To turn them off, set the environment variable `TF_ENABLE_ONEDNN_OPTS=0`.
WARNING: All log messages before absl::InitializeLog() is called are written to STDERR
I0000 00:00:1789035725.768074   13784 port.cc:153] oneDNN custom operations are on. You may see slightly different numerical results due to floating-point round-off errors from different computation orders. To turn them off, set the environment variable `TF_ENABLE_ONEDNN_OPTS=0`.
[cfg] rijsdijk_d50_s0 epochs=50 batch=50 n_train=45000
[data] rijsdijk_d50_s0 len=700 train=45000 attack=10000 key=0xe0
I0000 00:00:1789035732.045477   13784 cpu_feature_guard.cc:227] This TensorFlow binary is optimized to use available CPU instructions in performance-critical operations.
To enable the following instructions: SSE3 SSE4.1 SSE4.2 AVX AVX2 FMA, in other operations, rebuild TensorFlow with the appropriate compiler flags.
WARNING:tensorflow:TensorFlow GPU support is not available on native Windows for TensorFlow >= 2.11. Even if CUDA/cuDNN are installed, GPU will not be used. Please use WSL2 or the TensorFlow-DirectML plugin.
[model] rijsdijk_d50_s0 trainable params=79439
Epoch 1/50
900/900 - 15s - 16ms/step - accuracy: 0.0037 - loss: 5.5711
Epoch 2/50
900/900 - 12s - 13ms/step - accuracy: 0.0047 - loss: 5.5493
Epoch 3/50
900/900 - 12s - 14ms/step - accuracy: 0.0045 - loss: 5.5442
Epoch 4/50
900/900 - 12s - 13ms/step - accuracy: 0.0052 - loss: 5.5412
Epoch 5/50
900/900 - 12s - 13ms/step - accuracy: 0.0059 - loss: 5.5394
Epoch 6/50
900/900 - 12s - 13ms/step - accuracy: 0.0058 - loss: 5.5384
Epoch 7/50
900/900 - 12s - 13ms/step - accuracy: 0.0060 - loss: 5.5371
Epoch 8/50
900/900 - 12s - 13ms/step - accuracy: 0.0052 - loss: 5.5378
Epoch 9/50
900/900 - 12s - 13ms/step - accuracy: 0.0052 - loss: 5.5381
Epoch 10/50
900/900 - 11s - 13ms/step - accuracy: 0.0053 - loss: 5.5384
Epoch 11/50
900/900 - 11s - 13ms/step - accuracy: 0.0057 - loss: 5.5381
Epoch 12/50
900/900 - 11s - 13ms/step - accuracy: 0.0055 - loss: 5.5388
Epoch 13/50
900/900 - 11s - 13ms/step - accuracy: 0.0050 - loss: 5.5392
Epoch 14/50
900/900 - 11s - 13ms/step - accuracy: 0.0055 - loss: 5.5400
Epoch 15/50
900/900 - 11s - 13ms/step - accuracy: 0.0051 - loss: 5.5411
Epoch 16/50
900/900 - 11s - 13ms/step - accuracy: 0.0051 - loss: 5.5435
Epoch 17/50
900/900 - 11s - 13ms/step - accuracy: 0.0055 - loss: 5.5454
Epoch 18/50
900/900 - 11s - 13ms/step - accuracy: 0.0052 - loss: 5.5457
Epoch 19/50
900/900 - 11s - 13ms/step - accuracy: 0.0051 - loss: 5.5473
Epoch 20/50
900/900 - 11s - 13ms/step - accuracy: 0.0046 - loss: 5.5495
Epoch 21/50
900/900 - 11s - 13ms/step - accuracy: 0.0046 - loss: 5.5496
Epoch 22/50
900/900 - 11s - 13ms/step - accuracy: 0.0051 - loss: 5.5499
Epoch 23/50
900/900 - 11s - 13ms/step - accuracy: 0.0052 - loss: 5.5493
Epoch 24/50
900/900 - 11s - 13ms/step - accuracy: 0.0051 - loss: 5.5485
Epoch 25/50
900/900 - 11s - 13ms/step - accuracy: 0.0048 - loss: 5.5468
Epoch 26/50
900/900 - 11s - 13ms/step - accuracy: 0.0051 - loss: 5.5437
Epoch 27/50
900/900 - 11s - 13ms/step - accuracy: 0.0052 - loss: 5.5422
Epoch 28/50
900/900 - 11s - 12ms/step - accuracy: 0.0054 - loss: 5.5408
Epoch 29/50
900/900 - 11s - 12ms/step - accuracy: 0.0057 - loss: 5.5407
Epoch 30/50
900/900 - 11s - 12ms/step - accuracy: 0.0055 - loss: 5.5401
Epoch 31/50
900/900 - 11s - 13ms/step - accuracy: 0.0055 - loss: 5.5393
Epoch 32/50
900/900 - 11s - 12ms/step - accuracy: 0.0059 - loss: 5.5375
Epoch 33/50
900/900 - 11s - 12ms/step - accuracy: 0.0055 - loss: 5.5353
Epoch 34/50
900/900 - 11s - 12ms/step - accuracy: 0.0055 - loss: 5.5342
Epoch 35/50
900/900 - 11s - 12ms/step - accuracy: 0.0052 - loss: 5.5340
Epoch 36/50
900/900 - 11s - 12ms/step - accuracy: 0.0052 - loss: 5.5337
Epoch 37/50
900/900 - 11s - 12ms/step - accuracy: 0.0052 - loss: 5.5334
Epoch 38/50
900/900 - 11s - 12ms/step - accuracy: 0.0052 - loss: 5.5339
Epoch 39/50
900/900 - 11s - 12ms/step - accuracy: 0.0054 - loss: 5.5346
Epoch 40/50
900/900 - 11s - 12ms/step - accuracy: 0.0056 - loss: 5.5356
Epoch 41/50
900/900 - 11s - 12ms/step - accuracy: 0.0057 - loss: 5.5364
Epoch 42/50
900/900 - 11s - 12ms/step - accuracy: 0.0056 - loss: 5.5368
Epoch 43/50
900/900 - 11s - 12ms/step - accuracy: 0.0054 - loss: 5.5373
Epoch 44/50
900/900 - 11s - 12ms/step - accuracy: 0.0052 - loss: 5.5379
Epoch 45/50
900/900 - 11s - 12ms/step - accuracy: 0.0054 - loss: 5.5385
Epoch 46/50
900/900 - 11s - 12ms/step - accuracy: 0.0048 - loss: 5.5393
Epoch 47/50
900/900 - 11s - 12ms/step - accuracy: 0.0049 - loss: 5.5401
Epoch 48/50
900/900 - 11s - 13ms/step - accuracy: 0.0049 - loss: 5.5412
Epoch 49/50
900/900 - 11s - 13ms/step - accuracy: 0.0046 - loss: 5.5422
Epoch 50/50
900/900 - 11s - 12ms/step - accuracy: 0.0047 - loss: 5.5429
[GE] rijsdijk_d50_s0 min=121.360@2 final=196.480 recov[GE<0.5]=None (GE<1=None) time=9.7min
