[data] s2_v_hybrid_s1 mode=hybrid pca=256 var_kept=0.832 train=45000 val=5000 attack=100000 key=0x22
[model] stage=2hybrid qubits=8 params=34214
[ep 1/200] loss=5.5647 acc=0.0036
[ep 2/200] loss=5.5382 acc=0.0051
[ep 3/200] loss=5.5287 acc=0.0065
[ep 4/200] loss=5.5199 acc=0.0072
[ep 5/200] loss=5.5116 acc=0.0073 val_ge_auc=130.88 *best*
[ep 6/200] loss=5.5039 acc=0.0071
[ep 7/200] loss=5.4962 acc=0.0084
[ep 8/200] loss=5.4884 acc=0.0087
[ep 9/200] loss=5.4811 acc=0.0091
[ep 10/200] loss=5.4750 acc=0.0096 val_ge_auc=130.71 *best*
[ep 11/200] loss=5.4686 acc=0.0099
[ep 12/200] loss=5.4629 acc=0.0101
[ep 13/200] loss=5.4570 acc=0.0110
[ep 14/200] loss=5.4516 acc=0.0116
[ep 15/200] loss=5.4470 acc=0.0119 val_ge_auc=129.98 *best*
[ep 16/200] loss=5.4426 acc=0.0118
[ep 17/200] loss=5.4386 acc=0.0123
[ep 18/200] loss=5.4342 acc=0.0128
[ep 19/200] loss=5.4307 acc=0.0129
[ep 20/200] loss=5.4266 acc=0.0117 val_ge_auc=129.33 *best*
[ep 21/200] loss=5.4235 acc=0.0131
[ep 22/200] loss=5.4193 acc=0.0138
[ep 23/200] loss=5.4168 acc=0.0134
[ep 24/200] loss=5.4132 acc=0.0138
[ep 25/200] loss=5.4105 acc=0.0141 val_ge_auc=129.10 *best*
[ep 26/200] loss=5.4069 acc=0.0144
[ep 27/200] loss=5.4046 acc=0.0141
[ep 28/200] loss=5.4010 acc=0.0135
[ep 29/200] loss=5.3982 acc=0.0148
[ep 30/200] loss=5.3953 acc=0.0148 val_ge_auc=129.42 (stale 1/8)
[ep 31/200] loss=5.3925 acc=0.0151
[ep 32/200] loss=5.3899 acc=0.0151
[ep 33/200] loss=5.3869 acc=0.0149
[ep 34/200] loss=5.3848 acc=0.0154
[ep 35/200] loss=5.3815 acc=0.0154 val_ge_auc=128.12 *best*
[ep 36/200] loss=5.3795 acc=0.0158
[ep 37/200] loss=5.3769 acc=0.0156
[ep 38/200] loss=5.3746 acc=0.0161
[ep 39/200] loss=5.3721 acc=0.0157
[ep 40/200] loss=5.3689 acc=0.0155 val_ge_auc=128.55 (stale 1/8)
[ep 41/200] loss=5.3666 acc=0.0163
[ep 42/200] loss=5.3642 acc=0.0165
[ep 43/200] loss=5.3618 acc=0.0172
[ep 44/200] loss=5.3588 acc=0.0170
[ep 45/200] loss=5.3565 acc=0.0166 val_ge_auc=128.31 (stale 2/8)
[ep 46/200] loss=5.3553 acc=0.0172
[ep 47/200] loss=5.3528 acc=0.0176
[ep 48/200] loss=5.3497 acc=0.0172
[ep 49/200] loss=5.3473 acc=0.0176
[ep 50/200] loss=5.3445 acc=0.0186 val_ge_auc=127.61 *best*
[ep 51/200] loss=5.3432 acc=0.0178
[ep 52/200] loss=5.3400 acc=0.0179
[ep 53/200] loss=5.3378 acc=0.0177
[ep 54/200] loss=5.3364 acc=0.0182
[ep 55/200] loss=5.3345 acc=0.0189 val_ge_auc=127.53 *best*
[ep 56/200] loss=5.3315 acc=0.0185
[ep 57/200] loss=5.3304 acc=0.0190
[ep 58/200] loss=5.3274 acc=0.0191
[ep 59/200] loss=5.3253 acc=0.0188
[ep 60/200] loss=5.3238 acc=0.0190 val_ge_auc=128.05 (stale 1/8)
[ep 61/200] loss=5.3226 acc=0.0189
[ep 62/200] loss=5.3199 acc=0.0192
[ep 63/200] loss=5.3186 acc=0.0197
[ep 64/200] loss=5.3142 acc=0.0194
[ep 65/200] loss=5.3132 acc=0.0195 val_ge_auc=127.67 (stale 2/8)
[ep 66/200] loss=5.3117 acc=0.0197
[ep 67/200] loss=5.3104 acc=0.0198
[ep 68/200] loss=5.3076 acc=0.0193
[ep 69/200] loss=5.3062 acc=0.0205
[ep 70/200] loss=5.3046 acc=0.0198 val_ge_auc=127.46 *best*
[ep 71/200] loss=5.3013 acc=0.0202
[ep 72/200] loss=5.3005 acc=0.0206
[ep 73/200] loss=5.2998 acc=0.0201
[ep 74/200] loss=5.2956 acc=0.0216
[ep 75/200] loss=5.2961 acc=0.0209 val_ge_auc=127.10 *best*
[ep 76/200] loss=5.2950 acc=0.0203
[ep 77/200] loss=5.2919 acc=0.0207
[ep 78/200] loss=5.2922 acc=0.0213
[ep 79/200] loss=5.2900 acc=0.0208
[ep 80/200] loss=5.2875 acc=0.0215 val_ge_auc=127.37 (stale 1/8)
[ep 81/200] loss=5.2878 acc=0.0211
[ep 82/200] loss=5.2857 acc=0.0220
[ep 83/200] loss=5.2847 acc=0.0218
[ep 84/200] loss=5.2845 acc=0.0222
[ep 85/200] loss=5.2823 acc=0.0210 val_ge_auc=127.04 *best*
[ep 86/200] loss=5.2817 acc=0.0219
[ep 87/200] loss=5.2800 acc=0.0212
[ep 88/200] loss=5.2773 acc=0.0217
[ep 89/200] loss=5.2762 acc=0.0211
[ep 90/200] loss=5.2766 acc=0.0220 val_ge_auc=128.13 (stale 1/8)
[ep 91/200] loss=5.2751 acc=0.0223
[ep 92/200] loss=5.2723 acc=0.0217
[ep 93/200] loss=5.2728 acc=0.0219
[ep 94/200] loss=5.2711 acc=0.0227
[ep 95/200] loss=5.2705 acc=0.0221 val_ge_auc=127.74 (stale 2/8)
[ep 96/200] loss=5.2703 acc=0.0217
[ep 97/200] loss=5.2682 acc=0.0221
[ep 98/200] loss=5.2675 acc=0.0208
[ep 99/200] loss=5.2659 acc=0.0219
[ep 100/200] loss=5.2656 acc=0.0225 val_ge_auc=127.19 (stale 3/8)
[ep 101/200] loss=5.2638 acc=0.0230
[ep 102/200] loss=5.2649 acc=0.0228
[ep 103/200] loss=5.2619 acc=0.0222
[ep 104/200] loss=5.2604 acc=0.0229
[ep 105/200] loss=5.2615 acc=0.0231 val_ge_auc=126.97 *best*
[ep 106/200] loss=5.2599 acc=0.0221
[ep 107/200] loss=5.2589 acc=0.0226
[ep 108/200] loss=5.2574 acc=0.0231
[ep 109/200] loss=5.2577 acc=0.0233
[ep 110/200] loss=5.2567 acc=0.0220 val_ge_auc=127.14 (stale 1/8)
[ep 111/200] loss=5.2555 acc=0.0230
[ep 112/200] loss=5.2558 acc=0.0228
[ep 113/200] loss=5.2540 acc=0.0236
[ep 114/200] loss=5.2528 acc=0.0233
[ep 115/200] loss=5.2528 acc=0.0232 val_ge_auc=126.33 *best*
[ep 116/200] loss=5.2516 acc=0.0235
[ep 117/200] loss=5.2500 acc=0.0227
[ep 118/200] loss=5.2507 acc=0.0230
[ep 119/200] loss=5.2503 acc=0.0230
[ep 120/200] loss=5.2491 acc=0.0239 val_ge_auc=127.66 (stale 1/8)
[ep 121/200] loss=5.2502 acc=0.0231
[ep 122/200] loss=5.2473 acc=0.0249
[ep 123/200] loss=5.2461 acc=0.0241
[ep 124/200] loss=5.2476 acc=0.0232
[ep 125/200] loss=5.2449 acc=0.0235 val_ge_auc=126.64 (stale 2/8)
[ep 126/200] loss=5.2450 acc=0.0240
[ep 127/200] loss=5.2428 acc=0.0240
[ep 128/200] loss=5.2444 acc=0.0235
[ep 129/200] loss=5.2431 acc=0.0229
[ep 130/200] loss=5.2443 acc=0.0238 val_ge_auc=127.34 (stale 3/8)
[ep 131/200] loss=5.2429 acc=0.0238
[ep 132/200] loss=5.2436 acc=0.0231
[ep 133/200] loss=5.2431 acc=0.0233
[ep 134/200] loss=5.2401 acc=0.0242
[ep 135/200] loss=5.2402 acc=0.0249 val_ge_auc=126.15 *best*
[ep 136/200] loss=5.2402 acc=0.0239
[ep 137/200] loss=5.2400 acc=0.0245
[ep 138/200] loss=5.2394 acc=0.0237
[ep 139/200] loss=5.2371 acc=0.0243
[ep 140/200] loss=5.2382 acc=0.0250 val_ge_auc=127.27 (stale 1/8)
[ep 141/200] loss=5.2374 acc=0.0245
[ep 142/200] loss=5.2358 acc=0.0243
[ep 143/200] loss=5.2380 acc=0.0238
[ep 144/200] loss=5.2367 acc=0.0230
[ep 145/200] loss=5.2359 acc=0.0244 val_ge_auc=127.91 (stale 2/8)
[ep 146/200] loss=5.2352 acc=0.0248
[ep 147/200] loss=5.2338 acc=0.0248
[ep 148/200] loss=5.2349 acc=0.0250
[ep 149/200] loss=5.2331 acc=0.0249
[ep 150/200] loss=5.2329 acc=0.0248 val_ge_auc=127.26 (stale 3/8)
[ep 151/200] loss=5.2340 acc=0.0245
[ep 152/200] loss=5.2309 acc=0.0256
[ep 153/200] loss=5.2326 acc=0.0247
[ep 154/200] loss=5.2323 acc=0.0245
[ep 155/200] loss=5.2319 acc=0.0254 val_ge_auc=126.33 (stale 4/8)
[ep 156/200] loss=5.2314 acc=0.0240
[ep 157/200] loss=5.2311 acc=0.0249
[ep 158/200] loss=5.2303 acc=0.0241
[ep 159/200] loss=5.2310 acc=0.0247
[ep 160/200] loss=5.2306 acc=0.0260 val_ge_auc=126.85 (stale 5/8)
[ep 161/200] loss=5.2292 acc=0.0249
[ep 162/200] loss=5.2309 acc=0.0240
[ep 163/200] loss=5.2292 acc=0.0249
[ep 164/200] loss=5.2288 acc=0.0246
[ep 165/200] loss=5.2263 acc=0.0251 val_ge_auc=126.77 (stale 6/8)
[ep 166/200] loss=5.2273 acc=0.0247
[ep 167/200] loss=5.2292 acc=0.0246
[ep 168/200] loss=5.2276 acc=0.0243
[ep 169/200] loss=5.2265 acc=0.0246
[ep 170/200] loss=5.2251 acc=0.0247 val_ge_auc=126.96 (stale 7/8)
[ep 171/200] loss=5.2265 acc=0.0257
[ep 172/200] loss=5.2259 acc=0.0250
[ep 173/200] loss=5.2254 acc=0.0252
[ep 174/200] loss=5.2247 acc=0.0245
[ep 175/200] loss=5.2260 acc=0.0257 val_ge_auc=127.82 (stale 8/8)
[patience] no improvement for 8 evals, stopping at ep 175
[early-stop] best val_ge_auc=126.15 at epoch 135
[GE] s2_v_hybrid_s1 min=100.440@2896 final=101.820 recov[GE<0.5]=None (GE<1=None) time=59.3min
