[data] s3_d100_quantum_qcnn_s0 len=700 train=45000 val=5000 attack=10000 key=0xe0 early_stop=True
[model] s3_d100_quantum_qcnn_s0 params=42750 (mid-block=22)
[ep 1/250] loss=5.5563 acc=0.0046
[ep 2/250] loss=5.5451 acc=0.0043
[ep 3/250] loss=5.5430 acc=0.0043
[ep 4/250] loss=5.5414 acc=0.0050
[ep 5/250] loss=5.5389 acc=0.0051 val_ge_auc=116.34 *best*
[ep 6/250] loss=5.5358 acc=0.0050
[ep 7/250] loss=5.5319 acc=0.0061
[ep 8/250] loss=5.5276 acc=0.0062
[ep 9/250] loss=5.5238 acc=0.0066
[ep 10/250] loss=5.5193 acc=0.0072 val_ge_auc=130.50 (stale 1/8)
[ep 11/250] loss=5.5155 acc=0.0077
[ep 12/250] loss=5.5110 acc=0.0076
[ep 13/250] loss=5.5073 acc=0.0080
[ep 14/250] loss=5.5033 acc=0.0080
[ep 15/250] loss=5.4992 acc=0.0084 val_ge_auc=126.31 (stale 2/8)
[ep 16/250] loss=5.4952 acc=0.0079
[ep 17/250] loss=5.4915 acc=0.0087
[ep 18/250] loss=5.4879 acc=0.0082
[ep 19/250] loss=5.4840 acc=0.0085
[ep 20/250] loss=5.4799 acc=0.0088 val_ge_auc=135.26 (stale 3/8)
[ep 21/250] loss=5.4753 acc=0.0088
[ep 22/250] loss=5.4715 acc=0.0083
[ep 23/250] loss=5.4677 acc=0.0100
[ep 24/250] loss=5.4637 acc=0.0090
[ep 25/250] loss=5.4588 acc=0.0095 val_ge_auc=125.54 (stale 4/8)
[ep 26/250] loss=5.4556 acc=0.0100
[ep 27/250] loss=5.4504 acc=0.0096
[ep 28/250] loss=5.4468 acc=0.0099
[ep 29/250] loss=5.4415 acc=0.0092
[ep 30/250] loss=5.4381 acc=0.0102 val_ge_auc=125.64 (stale 5/8)
[ep 31/250] loss=5.4340 acc=0.0098
[ep 32/250] loss=5.4285 acc=0.0106
[ep 33/250] loss=5.4243 acc=0.0107
[ep 34/250] loss=5.4196 acc=0.0107
[ep 35/250] loss=5.4158 acc=0.0110 val_ge_auc=117.55 (stale 6/8)
[ep 36/250] loss=5.4110 acc=0.0112
[ep 37/250] loss=5.4081 acc=0.0130
[ep 38/250] loss=5.4039 acc=0.0121
[ep 39/250] loss=5.3996 acc=0.0120
[ep 40/250] loss=5.3959 acc=0.0116 val_ge_auc=125.71 (stale 7/8)
[ep 41/250] loss=5.3914 acc=0.0128
[ep 42/250] loss=5.3878 acc=0.0128
[ep 43/250] loss=5.3830 acc=0.0129
[ep 44/250] loss=5.3798 acc=0.0127
[ep 45/250] loss=5.3768 acc=0.0123 val_ge_auc=133.97 (stale 8/8)
[patience] no improvement for 8 evals, stopping at ep 45
[early-stop] best val_ge_auc=116.34 at epoch 5
[GE] s3_d100_quantum_qcnn_s0 min=118.950@110 final=158.490 recov[GE<0.5]=None (GE<1=None) time=22.5min
