[data] s3_d100_clswide_qcnn_s1 len=700 train=45000 val=5000 attack=10000 key=0xe0 early_stop=True
[model] s3_d100_clswide_qcnn_s1 params=42872 (mid-block=144)
[ep 1/250] loss=5.5561 acc=0.0039
[ep 2/250] loss=5.5461 acc=0.0040
[ep 3/250] loss=5.5439 acc=0.0048
[ep 4/250] loss=5.5427 acc=0.0045
[ep 5/250] loss=5.5423 acc=0.0046 val_ge_auc=130.45 *best*
[ep 6/250] loss=5.5414 acc=0.0043
[ep 7/250] loss=5.5406 acc=0.0048
[ep 8/250] loss=5.5398 acc=0.0050
[ep 9/250] loss=5.5391 acc=0.0051
[ep 10/250] loss=5.5386 acc=0.0049 val_ge_auc=119.78 *best*
[ep 11/250] loss=5.5377 acc=0.0054
[ep 12/250] loss=5.5367 acc=0.0047
[ep 13/250] loss=5.5361 acc=0.0050
[ep 14/250] loss=5.5348 acc=0.0055
[ep 15/250] loss=5.5344 acc=0.0056 val_ge_auc=137.14 (stale 1/8)
[ep 16/250] loss=5.5338 acc=0.0057
[ep 17/250] loss=5.5327 acc=0.0060
[ep 18/250] loss=5.5317 acc=0.0058
[ep 19/250] loss=5.5313 acc=0.0057
[ep 20/250] loss=5.5303 acc=0.0058 val_ge_auc=141.25 (stale 2/8)
[ep 21/250] loss=5.5301 acc=0.0056
[ep 22/250] loss=5.5291 acc=0.0061
[ep 23/250] loss=5.5281 acc=0.0058
[ep 24/250] loss=5.5276 acc=0.0060
[ep 25/250] loss=5.5268 acc=0.0061 val_ge_auc=131.46 (stale 3/8)
[ep 26/250] loss=5.5258 acc=0.0060
[ep 27/250] loss=5.5256 acc=0.0063
[ep 28/250] loss=5.5246 acc=0.0066
[ep 29/250] loss=5.5240 acc=0.0061
[ep 30/250] loss=5.5238 acc=0.0062 val_ge_auc=146.21 (stale 4/8)
[ep 31/250] loss=5.5231 acc=0.0064
[ep 32/250] loss=5.5226 acc=0.0069
[ep 33/250] loss=5.5220 acc=0.0068
[ep 34/250] loss=5.5213 acc=0.0064
[ep 35/250] loss=5.5208 acc=0.0067 val_ge_auc=147.81 (stale 5/8)
[ep 36/250] loss=5.5207 acc=0.0065
[ep 37/250] loss=5.5189 acc=0.0068
[ep 38/250] loss=5.5189 acc=0.0068
[ep 39/250] loss=5.5185 acc=0.0066
[ep 40/250] loss=5.5178 acc=0.0066 val_ge_auc=150.22 (stale 6/8)
[ep 41/250] loss=5.5171 acc=0.0066
[ep 42/250] loss=5.5162 acc=0.0070
[ep 43/250] loss=5.5158 acc=0.0070
[ep 44/250] loss=5.5145 acc=0.0068
[ep 45/250] loss=5.5140 acc=0.0069 val_ge_auc=144.17 (stale 7/8)
[ep 46/250] loss=5.5136 acc=0.0068
[ep 47/250] loss=5.5114 acc=0.0068
[ep 48/250] loss=5.5109 acc=0.0064
[ep 49/250] loss=5.5103 acc=0.0062
[ep 50/250] loss=5.5091 acc=0.0072 val_ge_auc=157.04 (stale 8/8)
[patience] no improvement for 8 evals, stopping at ep 50
[early-stop] best val_ge_auc=119.78 at epoch 10
[GE] s3_d100_clswide_qcnn_s1 min=121.860@1 final=203.480 recov[GE<0.5]=None (GE<1=None) time=4.8min
