[data] s3_d50_quantum_qcnn_s0 len=700 train=45000 val=5000 attack=10000 key=0xe0 early_stop=True
[model] s3_d50_quantum_qcnn_s0 params=42750 (mid-block=22)
[ep 1/250] loss=5.5561 acc=0.0043
[ep 2/250] loss=5.5461 acc=0.0047
[ep 3/250] loss=5.5430 acc=0.0047
[ep 4/250] loss=5.5407 acc=0.0051
[ep 5/250] loss=5.5373 acc=0.0059 val_ge_auc=118.23 *best*
[ep 6/250] loss=5.5352 acc=0.0056
[ep 7/250] loss=5.5321 acc=0.0058
[ep 8/250] loss=5.5294 acc=0.0064
[ep 9/250] loss=5.5272 acc=0.0060
[ep 10/250] loss=5.5246 acc=0.0061 val_ge_auc=105.11 *best*
[ep 11/250] loss=5.5227 acc=0.0063
[ep 12/250] loss=5.5207 acc=0.0066
[ep 13/250] loss=5.5184 acc=0.0064
[ep 14/250] loss=5.5169 acc=0.0070
[ep 15/250] loss=5.5147 acc=0.0074 val_ge_auc=110.59 (stale 1/8)
[ep 16/250] loss=5.5124 acc=0.0073
[ep 17/250] loss=5.5108 acc=0.0074
[ep 18/250] loss=5.5091 acc=0.0072
[ep 19/250] loss=5.5065 acc=0.0073
[ep 20/250] loss=5.5040 acc=0.0077 val_ge_auc=109.14 (stale 2/8)
[ep 21/250] loss=5.5021 acc=0.0077
[ep 22/250] loss=5.4993 acc=0.0079
[ep 23/250] loss=5.4973 acc=0.0082
[ep 24/250] loss=5.4950 acc=0.0083
[ep 25/250] loss=5.4919 acc=0.0082 val_ge_auc=112.09 (stale 3/8)
[ep 26/250] loss=5.4904 acc=0.0078
[ep 27/250] loss=5.4872 acc=0.0084
[ep 28/250] loss=5.4846 acc=0.0088
[ep 29/250] loss=5.4824 acc=0.0084
[ep 30/250] loss=5.4803 acc=0.0085 val_ge_auc=102.25 *best*
[ep 31/250] loss=5.4777 acc=0.0082
[ep 32/250] loss=5.4743 acc=0.0082
[ep 33/250] loss=5.4722 acc=0.0086
[ep 34/250] loss=5.4700 acc=0.0088
[ep 35/250] loss=5.4674 acc=0.0090 val_ge_auc=100.51 *best*
[ep 36/250] loss=5.4649 acc=0.0087
[ep 37/250] loss=5.4621 acc=0.0092
[ep 38/250] loss=5.4597 acc=0.0100
[ep 39/250] loss=5.4570 acc=0.0092
[ep 40/250] loss=5.4539 acc=0.0095 val_ge_auc=101.80 (stale 1/8)
[ep 41/250] loss=5.4524 acc=0.0093
[ep 42/250] loss=5.4486 acc=0.0093
[ep 43/250] loss=5.4464 acc=0.0100
[ep 44/250] loss=5.4442 acc=0.0098
[ep 45/250] loss=5.4419 acc=0.0096 val_ge_auc=106.23 (stale 2/8)
[ep 46/250] loss=5.4392 acc=0.0099
[ep 47/250] loss=5.4357 acc=0.0102
[ep 48/250] loss=5.4344 acc=0.0101
[ep 49/250] loss=5.4318 acc=0.0101
[ep 50/250] loss=5.4292 acc=0.0102 val_ge_auc=116.29 (stale 3/8)
[ep 51/250] loss=5.4262 acc=0.0104
[ep 52/250] loss=5.4237 acc=0.0105
[ep 53/250] loss=5.4218 acc=0.0105
[ep 54/250] loss=5.4201 acc=0.0106
[ep 55/250] loss=5.4171 acc=0.0114 val_ge_auc=114.90 (stale 4/8)
[ep 56/250] loss=5.4137 acc=0.0108
[ep 57/250] loss=5.4131 acc=0.0112
[ep 58/250] loss=5.4109 acc=0.0111
[ep 59/250] loss=5.4090 acc=0.0113
[ep 60/250] loss=5.4051 acc=0.0108 val_ge_auc=113.25 (stale 5/8)
[ep 61/250] loss=5.4029 acc=0.0116
[ep 62/250] loss=5.4006 acc=0.0113
[ep 63/250] loss=5.3979 acc=0.0119
[ep 64/250] loss=5.3959 acc=0.0110
[ep 65/250] loss=5.3923 acc=0.0123 val_ge_auc=119.70 (stale 6/8)
[ep 66/250] loss=5.3896 acc=0.0122
[ep 67/250] loss=5.3887 acc=0.0125
[ep 68/250] loss=5.3851 acc=0.0127
[ep 69/250] loss=5.3830 acc=0.0125
[ep 70/250] loss=5.3816 acc=0.0128 val_ge_auc=125.96 (stale 7/8)
[ep 71/250] loss=5.3797 acc=0.0128
[ep 72/250] loss=5.3752 acc=0.0124
[ep 73/250] loss=5.3746 acc=0.0129
[ep 74/250] loss=5.3727 acc=0.0129
[ep 75/250] loss=5.3692 acc=0.0133 val_ge_auc=123.38 (stale 8/8)
[patience] no improvement for 8 evals, stopping at ep 75
[early-stop] best val_ge_auc=100.51 at epoch 35
[GE] s3_d50_quantum_qcnn_s0 min=118.880@2975 final=119.660 recov[GE<0.5]=None (GE<1=None) time=43.0min
