[data] s3_d50_quantum_qcnn_s2 len=700 train=45000 val=5000 attack=10000 key=0xe0 early_stop=True
[model] s3_d50_quantum_qcnn_s2 params=42750 (mid-block=22)
[ep 1/250] loss=5.5554 acc=0.0042
[ep 2/250] loss=5.5450 acc=0.0047
[ep 3/250] loss=5.5431 acc=0.0049
[ep 4/250] loss=5.5414 acc=0.0041
[ep 5/250] loss=5.5394 acc=0.0051 val_ge_auc=130.23 *best*
[ep 6/250] loss=5.5369 acc=0.0053
[ep 7/250] loss=5.5350 acc=0.0054
[ep 8/250] loss=5.5328 acc=0.0054
[ep 9/250] loss=5.5302 acc=0.0057
[ep 10/250] loss=5.5285 acc=0.0056 val_ge_auc=136.07 (stale 1/8)
[ep 11/250] loss=5.5258 acc=0.0065
[ep 12/250] loss=5.5231 acc=0.0068
[ep 13/250] loss=5.5211 acc=0.0063
[ep 14/250] loss=5.5185 acc=0.0070
[ep 15/250] loss=5.5165 acc=0.0071 val_ge_auc=130.28 (stale 2/8)
[ep 16/250] loss=5.5137 acc=0.0072
[ep 17/250] loss=5.5111 acc=0.0072
[ep 18/250] loss=5.5089 acc=0.0075
[ep 19/250] loss=5.5064 acc=0.0074
[ep 20/250] loss=5.5037 acc=0.0077 val_ge_auc=129.55 *best*
[ep 21/250] loss=5.5007 acc=0.0072
[ep 22/250] loss=5.4982 acc=0.0075
[ep 23/250] loss=5.4962 acc=0.0076
[ep 24/250] loss=5.4922 acc=0.0077
[ep 25/250] loss=5.4896 acc=0.0085 val_ge_auc=131.58 (stale 1/8)
[ep 26/250] loss=5.4858 acc=0.0080
[ep 27/250] loss=5.4840 acc=0.0083
[ep 28/250] loss=5.4802 acc=0.0086
[ep 29/250] loss=5.4768 acc=0.0088
[ep 30/250] loss=5.4729 acc=0.0084 val_ge_auc=121.39 *best*
[ep 31/250] loss=5.4696 acc=0.0092
[ep 32/250] loss=5.4657 acc=0.0089
[ep 33/250] loss=5.4620 acc=0.0090
[ep 34/250] loss=5.4592 acc=0.0093
[ep 35/250] loss=5.4551 acc=0.0091 val_ge_auc=121.20 *best*
[ep 36/250] loss=5.4526 acc=0.0095
[ep 37/250] loss=5.4488 acc=0.0101
[ep 38/250] loss=5.4448 acc=0.0099
[ep 39/250] loss=5.4415 acc=0.0109
[ep 40/250] loss=5.4384 acc=0.0098 val_ge_auc=128.91 (stale 1/8)
[ep 41/250] loss=5.4348 acc=0.0102
[ep 42/250] loss=5.4318 acc=0.0106
[ep 43/250] loss=5.4268 acc=0.0107
[ep 44/250] loss=5.4244 acc=0.0105
[ep 45/250] loss=5.4208 acc=0.0106 val_ge_auc=128.80 (stale 2/8)
[ep 46/250] loss=5.4169 acc=0.0106
[ep 47/250] loss=5.4141 acc=0.0104
[ep 48/250] loss=5.4106 acc=0.0114
[ep 49/250] loss=5.4065 acc=0.0118
[ep 50/250] loss=5.4036 acc=0.0114 val_ge_auc=118.93 *best*
[ep 51/250] loss=5.4001 acc=0.0114
[ep 52/250] loss=5.3979 acc=0.0120
[ep 53/250] loss=5.3935 acc=0.0115
[ep 54/250] loss=5.3913 acc=0.0125
[ep 55/250] loss=5.3891 acc=0.0120 val_ge_auc=123.44 (stale 1/8)
[ep 56/250] loss=5.3854 acc=0.0123
[ep 57/250] loss=5.3827 acc=0.0127
[ep 58/250] loss=5.3790 acc=0.0130
[ep 59/250] loss=5.3741 acc=0.0126
[ep 60/250] loss=5.3744 acc=0.0125 val_ge_auc=125.91 (stale 2/8)
[ep 61/250] loss=5.3697 acc=0.0130
[ep 62/250] loss=5.3686 acc=0.0129
[ep 63/250] loss=5.3648 acc=0.0133
[ep 64/250] loss=5.3625 acc=0.0141
[ep 65/250] loss=5.3584 acc=0.0126 val_ge_auc=122.79 (stale 3/8)
[ep 66/250] loss=5.3566 acc=0.0134
[ep 67/250] loss=5.3549 acc=0.0143
[ep 68/250] loss=5.3502 acc=0.0145
[ep 69/250] loss=5.3498 acc=0.0137
[ep 70/250] loss=5.3468 acc=0.0139 val_ge_auc=135.62 (stale 4/8)
[ep 71/250] loss=5.3428 acc=0.0156
[ep 72/250] loss=5.3394 acc=0.0146
[ep 73/250] loss=5.3408 acc=0.0140
[ep 74/250] loss=5.3361 acc=0.0146
[ep 75/250] loss=5.3359 acc=0.0153 val_ge_auc=128.04 (stale 5/8)
[ep 76/250] loss=5.3333 acc=0.0150
[ep 77/250] loss=5.3293 acc=0.0154
[ep 78/250] loss=5.3290 acc=0.0150
[ep 79/250] loss=5.3269 acc=0.0150
[ep 80/250] loss=5.3252 acc=0.0146 val_ge_auc=134.74 (stale 6/8)
[ep 81/250] loss=5.3224 acc=0.0156
[ep 82/250] loss=5.3208 acc=0.0157
[ep 83/250] loss=5.3190 acc=0.0154
[ep 84/250] loss=5.3169 acc=0.0161
[ep 85/250] loss=5.3174 acc=0.0153 val_ge_auc=123.05 (stale 7/8)
[ep 86/250] loss=5.3124 acc=0.0152
[ep 87/250] loss=5.3107 acc=0.0154
[ep 88/250] loss=5.3081 acc=0.0157
[ep 89/250] loss=5.3073 acc=0.0159
[ep 90/250] loss=5.3074 acc=0.0156 val_ge_auc=130.73 (stale 8/8)
[patience] no improvement for 8 evals, stopping at ep 90
[early-stop] best val_ge_auc=118.93 at epoch 50
[GE] s3_d50_quantum_qcnn_s2 min=88.560@2978 final=90.140 recov[GE<0.5]=None (GE<1=None) time=45.3min
