[data] s3_d100_clswide_qcnn_s2 len=700 train=45000 val=5000 attack=10000 key=0xe0 early_stop=True
[model] s3_d100_clswide_qcnn_s2 params=42872 (mid-block=144)
[ep 1/250] loss=5.5528 acc=0.0042
[ep 2/250] loss=5.5452 acc=0.0045
[ep 3/250] loss=5.5444 acc=0.0045
[ep 4/250] loss=5.5438 acc=0.0044
[ep 5/250] loss=5.5431 acc=0.0040 val_ge_auc=137.92 *best*
[ep 6/250] loss=5.5425 acc=0.0045
[ep 7/250] loss=5.5420 acc=0.0042
[ep 8/250] loss=5.5415 acc=0.0048
[ep 9/250] loss=5.5414 acc=0.0049
[ep 10/250] loss=5.5412 acc=0.0050 val_ge_auc=126.98 *best*
[ep 11/250] loss=5.5408 acc=0.0047
[ep 12/250] loss=5.5406 acc=0.0047
[ep 13/250] loss=5.5402 acc=0.0048
[ep 14/250] loss=5.5400 acc=0.0046
[ep 15/250] loss=5.5397 acc=0.0048 val_ge_auc=119.31 *best*
[ep 16/250] loss=5.5392 acc=0.0047
[ep 17/250] loss=5.5390 acc=0.0048
[ep 18/250] loss=5.5383 acc=0.0044
[ep 19/250] loss=5.5380 acc=0.0052
[ep 20/250] loss=5.5375 acc=0.0050 val_ge_auc=132.63 (stale 1/8)
[ep 21/250] loss=5.5371 acc=0.0052
[ep 22/250] loss=5.5366 acc=0.0046
[ep 23/250] loss=5.5364 acc=0.0048
[ep 24/250] loss=5.5357 acc=0.0054
[ep 25/250] loss=5.5353 acc=0.0055 val_ge_auc=136.39 (stale 2/8)
[ep 26/250] loss=5.5349 acc=0.0053
[ep 27/250] loss=5.5348 acc=0.0053
[ep 28/250] loss=5.5341 acc=0.0058
[ep 29/250] loss=5.5333 acc=0.0057
[ep 30/250] loss=5.5322 acc=0.0057 val_ge_auc=142.95 (stale 3/8)
[ep 31/250] loss=5.5317 acc=0.0056
[ep 32/250] loss=5.5305 acc=0.0056
[ep 33/250] loss=5.5296 acc=0.0055
[ep 34/250] loss=5.5290 acc=0.0054
[ep 35/250] loss=5.5279 acc=0.0060 val_ge_auc=123.35 (stale 4/8)
[ep 36/250] loss=5.5277 acc=0.0058
[ep 37/250] loss=5.5274 acc=0.0056
[ep 38/250] loss=5.5260 acc=0.0060
[ep 39/250] loss=5.5255 acc=0.0061
[ep 40/250] loss=5.5251 acc=0.0058 val_ge_auc=132.70 (stale 5/8)
[ep 41/250] loss=5.5239 acc=0.0059
[ep 42/250] loss=5.5236 acc=0.0064
[ep 43/250] loss=5.5222 acc=0.0062
[ep 44/250] loss=5.5219 acc=0.0062
[ep 45/250] loss=5.5216 acc=0.0063 val_ge_auc=137.15 (stale 6/8)
[ep 46/250] loss=5.5207 acc=0.0062
[ep 47/250] loss=5.5194 acc=0.0060
[ep 48/250] loss=5.5190 acc=0.0061
[ep 49/250] loss=5.5182 acc=0.0061
[ep 50/250] loss=5.5180 acc=0.0061 val_ge_auc=135.17 (stale 7/8)
[ep 51/250] loss=5.5170 acc=0.0065
[ep 52/250] loss=5.5157 acc=0.0061
[ep 53/250] loss=5.5158 acc=0.0065
[ep 54/250] loss=5.5148 acc=0.0065
[ep 55/250] loss=5.5139 acc=0.0063 val_ge_auc=139.80 (stale 8/8)
[patience] no improvement for 8 evals, stopping at ep 55
[early-stop] best val_ge_auc=119.31 at epoch 15
[GE] s3_d100_clswide_qcnn_s2 min=125.850@137 final=170.890 recov[GE<0.5]=None (GE<1=None) time=5.3min
