[data] s3_f_quantum_qcnn_s0 len=700 train=45000 val=5000 attack=10000 key=0xe0 early_stop=True
[model] s3_f_quantum_qcnn_s0 params=42750 (mid-block=22)
[ep 1/250] loss=5.5551 acc=0.0039
[ep 2/250] loss=5.5444 acc=0.0044
[ep 3/250] loss=5.5414 acc=0.0048
[ep 4/250] loss=5.5377 acc=0.0058
[ep 5/250] loss=5.5318 acc=0.0056 val_ge_auc=117.14 *best*
[ep 6/250] loss=5.5239 acc=0.0059
[ep 7/250] loss=5.5122 acc=0.0072
[ep 8/250] loss=5.4879 acc=0.0086
[ep 9/250] loss=5.4353 acc=0.0091
[ep 10/250] loss=5.3852 acc=0.0098 val_ge_auc=5.36 *best*
[ep 11/250] loss=5.3482 acc=0.0109
[ep 12/250] loss=5.3209 acc=0.0125
[ep 13/250] loss=5.2997 acc=0.0130
[ep 14/250] loss=5.2810 acc=0.0138
[ep 15/250] loss=5.2659 acc=0.0148 val_ge_auc=2.98 *best*
[ep 16/250] loss=5.2502 acc=0.0162
[ep 17/250] loss=5.2364 acc=0.0168
[ep 18/250] loss=5.2253 acc=0.0174
[ep 19/250] loss=5.2126 acc=0.0173
[ep 20/250] loss=5.2039 acc=0.0187 val_ge_auc=3.95 (stale 1/8)
[ep 21/250] loss=5.1918 acc=0.0195
[ep 22/250] loss=5.1828 acc=0.0204
[ep 23/250] loss=5.1725 acc=0.0208
[ep 24/250] loss=5.1647 acc=0.0211
[ep 25/250] loss=5.1549 acc=0.0215 val_ge_auc=3.50 (stale 2/8)
[ep 26/250] loss=5.1469 acc=0.0215
[ep 27/250] loss=5.1385 acc=0.0217
[ep 28/250] loss=5.1322 acc=0.0224
[ep 29/250] loss=5.1252 acc=0.0235
[ep 30/250] loss=5.1180 acc=0.0236 val_ge_auc=3.70 (stale 3/8)
[ep 31/250] loss=5.1095 acc=0.0240
[ep 32/250] loss=5.1035 acc=0.0248
[ep 33/250] loss=5.0968 acc=0.0250
[ep 34/250] loss=5.0874 acc=0.0248
[ep 35/250] loss=5.0805 acc=0.0265 val_ge_auc=3.60 (stale 4/8)
[ep 36/250] loss=5.0777 acc=0.0262
[ep 37/250] loss=5.0702 acc=0.0261
[ep 38/250] loss=5.0645 acc=0.0272
[ep 39/250] loss=5.0590 acc=0.0267
[ep 40/250] loss=5.0546 acc=0.0280 val_ge_auc=3.44 (stale 5/8)
[ep 41/250] loss=5.0497 acc=0.0284
[ep 42/250] loss=5.0417 acc=0.0292
[ep 43/250] loss=5.0397 acc=0.0287
[ep 44/250] loss=5.0305 acc=0.0293
[ep 45/250] loss=5.0286 acc=0.0300 val_ge_auc=3.86 (stale 6/8)
[ep 46/250] loss=5.0268 acc=0.0299
[ep 47/250] loss=5.0196 acc=0.0290
[ep 48/250] loss=5.0141 acc=0.0305
[ep 49/250] loss=5.0094 acc=0.0303
[ep 50/250] loss=5.0078 acc=0.0312 val_ge_auc=4.17 (stale 7/8)
[ep 51/250] loss=5.0034 acc=0.0312
[ep 52/250] loss=4.9979 acc=0.0314
[ep 53/250] loss=4.9949 acc=0.0313
[ep 54/250] loss=4.9916 acc=0.0322
[ep 55/250] loss=4.9882 acc=0.0325 val_ge_auc=4.61 (stale 8/8)
[patience] no improvement for 8 evals, stopping at ep 55
[early-stop] best val_ge_auc=2.98 at epoch 15
[GE] s3_f_quantum_qcnn_s0 min=0.000@367 final=0.000 recov[GE<0.5]=219 (GE<1=174) time=26.6min
