[data] s3_f_clswide_qcnn_s8 len=700 train=45000 val=5000 attack=10000 key=0xe0 early_stop=True
[model] s3_f_clswide_qcnn_s8 params=42872 (mid-block=144)
[ep 1/250] loss=5.5551 acc=0.0049
[ep 2/250] loss=5.5449 acc=0.0046
[ep 3/250] loss=5.5436 acc=0.0052
[ep 4/250] loss=5.5427 acc=0.0050
[ep 5/250] loss=5.5418 acc=0.0052 val_ge_auc=124.87 *best*
[ep 6/250] loss=5.5408 acc=0.0050
[ep 7/250] loss=5.5396 acc=0.0053
[ep 8/250] loss=5.5374 acc=0.0059
[ep 9/250] loss=5.5334 acc=0.0056
[ep 10/250] loss=5.5262 acc=0.0064 val_ge_auc=52.44 *best*
[ep 11/250] loss=5.5151 acc=0.0067
[ep 12/250] loss=5.5047 acc=0.0070
[ep 13/250] loss=5.4972 acc=0.0075
[ep 14/250] loss=5.4899 acc=0.0080
[ep 15/250] loss=5.4841 acc=0.0082 val_ge_auc=22.61 *best*
[ep 16/250] loss=5.4771 acc=0.0087
[ep 17/250] loss=5.4724 acc=0.0082
[ep 18/250] loss=5.4681 acc=0.0082
[ep 19/250] loss=5.4629 acc=0.0091
[ep 20/250] loss=5.4582 acc=0.0085 val_ge_auc=23.87 (stale 1/8)
[ep 21/250] loss=5.4533 acc=0.0089
[ep 22/250] loss=5.4488 acc=0.0095
[ep 23/250] loss=5.4453 acc=0.0098
[ep 24/250] loss=5.4405 acc=0.0098
[ep 25/250] loss=5.4373 acc=0.0104 val_ge_auc=35.17 (stale 2/8)
[ep 26/250] loss=5.4334 acc=0.0098
[ep 27/250] loss=5.4295 acc=0.0098
[ep 28/250] loss=5.4260 acc=0.0103
[ep 29/250] loss=5.4230 acc=0.0104
[ep 30/250] loss=5.4200 acc=0.0105 val_ge_auc=30.39 (stale 3/8)
[ep 31/250] loss=5.4156 acc=0.0114
[ep 32/250] loss=5.4132 acc=0.0110
[ep 33/250] loss=5.4103 acc=0.0116
[ep 34/250] loss=5.4067 acc=0.0106
[ep 35/250] loss=5.4033 acc=0.0117 val_ge_auc=37.17 (stale 4/8)
[ep 36/250] loss=5.4013 acc=0.0119
[ep 37/250] loss=5.3963 acc=0.0117
[ep 38/250] loss=5.3951 acc=0.0118
[ep 39/250] loss=5.3923 acc=0.0121
[ep 40/250] loss=5.3891 acc=0.0125 val_ge_auc=46.25 (stale 5/8)
[ep 41/250] loss=5.3868 acc=0.0123
[ep 42/250] loss=5.3851 acc=0.0122
[ep 43/250] loss=5.3823 acc=0.0128
[ep 44/250] loss=5.3786 acc=0.0124
[ep 45/250] loss=5.3750 acc=0.0129 val_ge_auc=40.45 (stale 6/8)
[ep 46/250] loss=5.3728 acc=0.0129
[ep 47/250] loss=5.3688 acc=0.0132
[ep 48/250] loss=5.3673 acc=0.0131
[ep 49/250] loss=5.3622 acc=0.0132
[ep 50/250] loss=5.3610 acc=0.0137 val_ge_auc=49.19 (stale 7/8)
[ep 51/250] loss=5.3600 acc=0.0138
[ep 52/250] loss=5.3577 acc=0.0128
[ep 53/250] loss=5.3542 acc=0.0142
[ep 54/250] loss=5.3516 acc=0.0134
[ep 55/250] loss=5.3488 acc=0.0148 val_ge_auc=48.22 (stale 8/8)
[patience] no improvement for 8 evals, stopping at ep 55
[early-stop] best val_ge_auc=22.61 at epoch 15
[GE] s3_f_clswide_qcnn_s8 min=0.000@999 final=0.000 recov[GE<0.5]=586 (GE<1=511) time=5.1min
