[data] s3_f_clswide_qcnn_s3 len=700 train=45000 val=5000 attack=10000 key=0xe0 early_stop=True
[model] s3_f_clswide_qcnn_s3 params=42872 (mid-block=144)
[ep 1/250] loss=5.5559 acc=0.0040
[ep 2/250] loss=5.5457 acc=0.0051
[ep 3/250] loss=5.5432 acc=0.0047
[ep 4/250] loss=5.5415 acc=0.0043
[ep 5/250] loss=5.5396 acc=0.0051 val_ge_auc=106.29 *best*
[ep 6/250] loss=5.5338 acc=0.0057
[ep 7/250] loss=5.5208 acc=0.0064
[ep 8/250] loss=5.5097 acc=0.0065
[ep 9/250] loss=5.5001 acc=0.0073
[ep 10/250] loss=5.4932 acc=0.0074 val_ge_auc=16.72 *best*
[ep 11/250] loss=5.4883 acc=0.0078
[ep 12/250] loss=5.4826 acc=0.0079
[ep 13/250] loss=5.4775 acc=0.0078
[ep 14/250] loss=5.4722 acc=0.0081
[ep 15/250] loss=5.4657 acc=0.0082 val_ge_auc=13.45 *best*
[ep 16/250] loss=5.4622 acc=0.0085
[ep 17/250] loss=5.4551 acc=0.0090
[ep 18/250] loss=5.4502 acc=0.0091
[ep 19/250] loss=5.4454 acc=0.0097
[ep 20/250] loss=5.4383 acc=0.0098 val_ge_auc=19.33 (stale 1/8)
[ep 21/250] loss=5.4335 acc=0.0100
[ep 22/250] loss=5.4270 acc=0.0101
[ep 23/250] loss=5.4224 acc=0.0099
[ep 24/250] loss=5.4178 acc=0.0108
[ep 25/250] loss=5.4123 acc=0.0109 val_ge_auc=12.86 *best*
[ep 26/250] loss=5.4068 acc=0.0111
[ep 27/250] loss=5.4027 acc=0.0107
[ep 28/250] loss=5.3978 acc=0.0123
[ep 29/250] loss=5.3938 acc=0.0117
[ep 30/250] loss=5.3872 acc=0.0127 val_ge_auc=12.57 *best*
[ep 31/250] loss=5.3835 acc=0.0126
[ep 32/250] loss=5.3798 acc=0.0120
[ep 33/250] loss=5.3759 acc=0.0128
[ep 34/250] loss=5.3717 acc=0.0130
[ep 35/250] loss=5.3673 acc=0.0135 val_ge_auc=14.69 (stale 1/8)
[ep 36/250] loss=5.3643 acc=0.0133
[ep 37/250] loss=5.3602 acc=0.0133
[ep 38/250] loss=5.3570 acc=0.0142
[ep 39/250] loss=5.3532 acc=0.0141
[ep 40/250] loss=5.3487 acc=0.0138 val_ge_auc=14.53 (stale 2/8)
[ep 41/250] loss=5.3446 acc=0.0136
[ep 42/250] loss=5.3422 acc=0.0161
[ep 43/250] loss=5.3388 acc=0.0140
[ep 44/250] loss=5.3346 acc=0.0152
[ep 45/250] loss=5.3306 acc=0.0151 val_ge_auc=21.16 (stale 3/8)
[ep 46/250] loss=5.3287 acc=0.0150
[ep 47/250] loss=5.3261 acc=0.0154
[ep 48/250] loss=5.3218 acc=0.0158
[ep 49/250] loss=5.3183 acc=0.0158
[ep 50/250] loss=5.3154 acc=0.0158 val_ge_auc=15.72 (stale 4/8)
[ep 51/250] loss=5.3137 acc=0.0155
[ep 52/250] loss=5.3081 acc=0.0162
[ep 53/250] loss=5.3082 acc=0.0161
[ep 54/250] loss=5.3033 acc=0.0154
[ep 55/250] loss=5.3052 acc=0.0164 val_ge_auc=18.47 (stale 5/8)
[ep 56/250] loss=5.2996 acc=0.0164
[ep 57/250] loss=5.2953 acc=0.0165
[ep 58/250] loss=5.2954 acc=0.0166
[ep 59/250] loss=5.2917 acc=0.0178
[ep 60/250] loss=5.2898 acc=0.0172 val_ge_auc=20.41 (stale 6/8)
[ep 61/250] loss=5.2892 acc=0.0167
[ep 62/250] loss=5.2830 acc=0.0166
[ep 63/250] loss=5.2830 acc=0.0173
[ep 64/250] loss=5.2812 acc=0.0178
[ep 65/250] loss=5.2790 acc=0.0182 val_ge_auc=23.75 (stale 7/8)
[ep 66/250] loss=5.2769 acc=0.0177
[ep 67/250] loss=5.2725 acc=0.0176
[ep 68/250] loss=5.2723 acc=0.0182
[ep 69/250] loss=5.2683 acc=0.0184
[ep 70/250] loss=5.2677 acc=0.0187 val_ge_auc=19.92 (stale 8/8)
[patience] no improvement for 8 evals, stopping at ep 70
[early-stop] best val_ge_auc=12.57 at epoch 30
[GE] s3_f_clswide_qcnn_s3 min=0.000@824 final=0.000 recov[GE<0.5]=322 (GE<1=284) time=6.4min
