[data] s3_f_quantum_sel_s1 len=700 train=45000 val=5000 attack=10000 key=0xe0 early_stop=True
[model] s3_f_quantum_sel_s1 params=43912 (mid-block=144)
[ep 1/250] loss=5.5495 acc=0.0041
[ep 2/250] loss=5.5450 acc=0.0047
[ep 3/250] loss=5.5443 acc=0.0041
[ep 4/250] loss=5.5439 acc=0.0046
[ep 5/250] loss=5.5440 acc=0.0046 val_ge_auc=127.37 *best*
[ep 6/250] loss=5.5435 acc=0.0046
[ep 7/250] loss=5.5433 acc=0.0046
[ep 8/250] loss=5.5428 acc=0.0047
[ep 9/250] loss=5.5424 acc=0.0046
[ep 10/250] loss=5.5424 acc=0.0048 val_ge_auc=158.26 (stale 1/8)
[ep 11/250] loss=5.5415 acc=0.0046
[ep 12/250] loss=5.5405 acc=0.0052
[ep 13/250] loss=5.5383 acc=0.0045
[ep 14/250] loss=5.5331 acc=0.0056
[ep 15/250] loss=5.5272 acc=0.0055 val_ge_auc=161.29 (stale 2/8)
[ep 16/250] loss=5.5202 acc=0.0056
[ep 17/250] loss=5.5121 acc=0.0052
[ep 18/250] loss=5.5042 acc=0.0063
[ep 19/250] loss=5.4948 acc=0.0064
[ep 20/250] loss=5.4847 acc=0.0072 val_ge_auc=121.88 *best*
[ep 21/250] loss=5.4732 acc=0.0079
[ep 22/250] loss=5.4624 acc=0.0087
[ep 23/250] loss=5.4489 acc=0.0093
[ep 24/250] loss=5.4376 acc=0.0103
[ep 25/250] loss=5.4261 acc=0.0112 val_ge_auc=131.09 (stale 1/8)
[ep 26/250] loss=5.4144 acc=0.0130
[ep 27/250] loss=5.4036 acc=0.0134
[ep 28/250] loss=5.3936 acc=0.0148
[ep 29/250] loss=5.3837 acc=0.0154
[ep 30/250] loss=5.3739 acc=0.0171 val_ge_auc=140.00 (stale 2/8)
[ep 31/250] loss=5.3641 acc=0.0173
[ep 32/250] loss=5.3568 acc=0.0181
[ep 33/250] loss=5.3467 acc=0.0197
[ep 34/250] loss=5.3395 acc=0.0202
[ep 35/250] loss=5.3312 acc=0.0215 val_ge_auc=137.96 (stale 3/8)
[ep 36/250] loss=5.3244 acc=0.0207
[ep 37/250] loss=5.3167 acc=0.0223
[ep 38/250] loss=5.3095 acc=0.0232
[ep 39/250] loss=5.3032 acc=0.0248
[ep 40/250] loss=5.2989 acc=0.0258 val_ge_auc=143.78 (stale 4/8)
[ep 41/250] loss=5.2936 acc=0.0253
[ep 42/250] loss=5.2874 acc=0.0269
[ep 43/250] loss=5.2811 acc=0.0275
[ep 44/250] loss=5.2757 acc=0.0283
[ep 45/250] loss=5.2690 acc=0.0293 val_ge_auc=142.42 (stale 5/8)
[ep 46/250] loss=5.2647 acc=0.0290
[ep 47/250] loss=5.2612 acc=0.0298
[ep 48/250] loss=5.2587 acc=0.0304
[ep 49/250] loss=5.2539 acc=0.0303
[ep 50/250] loss=5.2475 acc=0.0313 val_ge_auc=140.55 (stale 6/8)
[ep 51/250] loss=5.2430 acc=0.0323
[ep 52/250] loss=5.2392 acc=0.0317
[ep 53/250] loss=5.2403 acc=0.0329
[ep 54/250] loss=5.2327 acc=0.0337
[ep 55/250] loss=5.2298 acc=0.0340 val_ge_auc=142.97 (stale 7/8)
[ep 56/250] loss=5.2242 acc=0.0356
[ep 57/250] loss=5.2229 acc=0.0353
[ep 58/250] loss=5.2208 acc=0.0350
[ep 59/250] loss=5.2155 acc=0.0367
[ep 60/250] loss=5.2121 acc=0.0370 val_ge_auc=147.06 (stale 8/8)
[patience] no improvement for 8 evals, stopping at ep 60
[early-stop] best val_ge_auc=121.88 at epoch 20
[GE] s3_f_quantum_sel_s1 min=113.700@792 final=136.660 recov[GE<0.5]=None (GE<1=None) time=77.6min
