[data] s3_f_quantum_qcnn_s8 len=700 train=45000 val=5000 attack=10000 key=0xe0 early_stop=True
[model] s3_f_quantum_qcnn_s8 params=42750 (mid-block=22)
[ep 1/250] loss=5.5575 acc=0.0044
[ep 2/250] loss=5.5443 acc=0.0044
[ep 3/250] loss=5.5402 acc=0.0048
[ep 4/250] loss=5.5319 acc=0.0057
[ep 5/250] loss=5.5172 acc=0.0062 val_ge_auc=17.15 *best*
[ep 6/250] loss=5.5032 acc=0.0068
[ep 7/250] loss=5.4841 acc=0.0081
[ep 8/250] loss=5.4491 acc=0.0088
[ep 9/250] loss=5.4243 acc=0.0094
[ep 10/250] loss=5.4086 acc=0.0112 val_ge_auc=5.88 *best*
[ep 11/250] loss=5.3935 acc=0.0117
[ep 12/250] loss=5.3827 acc=0.0112
[ep 13/250] loss=5.3706 acc=0.0126
[ep 14/250] loss=5.3582 acc=0.0133
[ep 15/250] loss=5.3482 acc=0.0132 val_ge_auc=5.47 *best*
[ep 16/250] loss=5.3373 acc=0.0152
[ep 17/250] loss=5.3254 acc=0.0150
[ep 18/250] loss=5.3163 acc=0.0156
[ep 19/250] loss=5.3054 acc=0.0160
[ep 20/250] loss=5.2957 acc=0.0162 val_ge_auc=7.20 (stale 1/8)
[ep 21/250] loss=5.2849 acc=0.0167
[ep 22/250] loss=5.2744 acc=0.0177
[ep 23/250] loss=5.2601 acc=0.0174
[ep 24/250] loss=5.2494 acc=0.0187
[ep 25/250] loss=5.2379 acc=0.0194 val_ge_auc=6.44 (stale 2/8)
[ep 26/250] loss=5.2288 acc=0.0185
[ep 27/250] loss=5.2190 acc=0.0188
[ep 28/250] loss=5.2076 acc=0.0196
[ep 29/250] loss=5.1980 acc=0.0203
[ep 30/250] loss=5.1899 acc=0.0212 val_ge_auc=7.22 (stale 3/8)
[ep 31/250] loss=5.1784 acc=0.0213
[ep 32/250] loss=5.1717 acc=0.0214
[ep 33/250] loss=5.1647 acc=0.0214
[ep 34/250] loss=5.1569 acc=0.0223
[ep 35/250] loss=5.1472 acc=0.0227 val_ge_auc=6.40 (stale 4/8)
[ep 36/250] loss=5.1417 acc=0.0233
[ep 37/250] loss=5.1325 acc=0.0233
[ep 38/250] loss=5.1284 acc=0.0251
[ep 39/250] loss=5.1231 acc=0.0255
[ep 40/250] loss=5.1149 acc=0.0249 val_ge_auc=6.77 (stale 5/8)
[ep 41/250] loss=5.1111 acc=0.0257
[ep 42/250] loss=5.1074 acc=0.0265
[ep 43/250] loss=5.0986 acc=0.0265
[ep 44/250] loss=5.0967 acc=0.0267
[ep 45/250] loss=5.0888 acc=0.0276 val_ge_auc=6.09 (stale 6/8)
[ep 46/250] loss=5.0848 acc=0.0261
[ep 47/250] loss=5.0789 acc=0.0272
[ep 48/250] loss=5.0782 acc=0.0272
[ep 49/250] loss=5.0761 acc=0.0272
[ep 50/250] loss=5.0665 acc=0.0279 val_ge_auc=6.61 (stale 7/8)
[ep 51/250] loss=5.0618 acc=0.0279
[ep 52/250] loss=5.0606 acc=0.0284
[ep 53/250] loss=5.0564 acc=0.0291
[ep 54/250] loss=5.0511 acc=0.0287
[ep 55/250] loss=5.0491 acc=0.0284 val_ge_auc=7.12 (stale 8/8)
[patience] no improvement for 8 evals, stopping at ep 55
[early-stop] best val_ge_auc=5.47 at epoch 15
[GE] s3_f_quantum_qcnn_s8 min=0.000@687 final=0.000 recov[GE<0.5]=351 (GE<1=285) time=27.1min
