[data] s3_f_quantum_qcnn_s7 len=700 train=45000 val=5000 attack=10000 key=0xe0 early_stop=True
[model] s3_f_quantum_qcnn_s7 params=42750 (mid-block=22)
[ep 1/250] loss=5.5572 acc=0.0042
[ep 2/250] loss=5.5441 acc=0.0042
[ep 3/250] loss=5.5408 acc=0.0051
[ep 4/250] loss=5.5369 acc=0.0055
[ep 5/250] loss=5.5305 acc=0.0059 val_ge_auc=119.75 *best*
[ep 6/250] loss=5.5215 acc=0.0070
[ep 7/250] loss=5.4995 acc=0.0071
[ep 8/250] loss=5.4651 acc=0.0082
[ep 9/250] loss=5.4383 acc=0.0086
[ep 10/250] loss=5.4165 acc=0.0088 val_ge_auc=10.86 *best*
[ep 11/250] loss=5.3957 acc=0.0102
[ep 12/250] loss=5.3791 acc=0.0113
[ep 13/250] loss=5.3611 acc=0.0120
[ep 14/250] loss=5.3458 acc=0.0129
[ep 15/250] loss=5.3301 acc=0.0130 val_ge_auc=9.31 *best*
[ep 16/250] loss=5.3164 acc=0.0132
[ep 17/250] loss=5.3072 acc=0.0140
[ep 18/250] loss=5.2969 acc=0.0141
[ep 19/250] loss=5.2860 acc=0.0152
[ep 20/250] loss=5.2745 acc=0.0153 val_ge_auc=9.54 (stale 1/8)
[ep 21/250] loss=5.2664 acc=0.0166
[ep 22/250] loss=5.2590 acc=0.0164
[ep 23/250] loss=5.2499 acc=0.0174
[ep 24/250] loss=5.2423 acc=0.0177
[ep 25/250] loss=5.2351 acc=0.0182 val_ge_auc=13.44 (stale 2/8)
[ep 26/250] loss=5.2261 acc=0.0196
[ep 27/250] loss=5.2181 acc=0.0195
[ep 28/250] loss=5.2114 acc=0.0192
[ep 29/250] loss=5.2047 acc=0.0201
[ep 30/250] loss=5.1987 acc=0.0208 val_ge_auc=11.46 (stale 3/8)
[ep 31/250] loss=5.1926 acc=0.0203
[ep 32/250] loss=5.1855 acc=0.0215
[ep 33/250] loss=5.1816 acc=0.0218
[ep 34/250] loss=5.1735 acc=0.0210
[ep 35/250] loss=5.1673 acc=0.0233 val_ge_auc=10.96 (stale 4/8)
[ep 36/250] loss=5.1636 acc=0.0240
[ep 37/250] loss=5.1595 acc=0.0240
[ep 38/250] loss=5.1502 acc=0.0240
[ep 39/250] loss=5.1463 acc=0.0250
[ep 40/250] loss=5.1417 acc=0.0250 val_ge_auc=13.35 (stale 5/8)
[ep 41/250] loss=5.1383 acc=0.0247
[ep 42/250] loss=5.1314 acc=0.0255
[ep 43/250] loss=5.1278 acc=0.0249
[ep 44/250] loss=5.1241 acc=0.0257
[ep 45/250] loss=5.1176 acc=0.0260 val_ge_auc=11.41 (stale 6/8)
[ep 46/250] loss=5.1142 acc=0.0254
[ep 47/250] loss=5.1095 acc=0.0263
[ep 48/250] loss=5.1042 acc=0.0271
[ep 49/250] loss=5.1047 acc=0.0272
[ep 50/250] loss=5.0994 acc=0.0280 val_ge_auc=13.69 (stale 7/8)
[ep 51/250] loss=5.0951 acc=0.0277
[ep 52/250] loss=5.0927 acc=0.0278
[ep 53/250] loss=5.0893 acc=0.0268
[ep 54/250] loss=5.0843 acc=0.0287
[ep 55/250] loss=5.0831 acc=0.0287 val_ge_auc=13.36 (stale 8/8)
[patience] no improvement for 8 evals, stopping at ep 55
[early-stop] best val_ge_auc=9.31 at epoch 15
[GE] s3_f_quantum_qcnn_s7 min=0.000@1371 final=0.000 recov[GE<0.5]=665 (GE<1=551) time=27.0min
