[data] s3_f_clswide_qcnn_s1 len=700 train=45000 val=5000 attack=10000 key=0xe0 early_stop=True
[model] s3_f_clswide_qcnn_s1 params=42872 (mid-block=144)
[ep 1/250] loss=5.5564 acc=0.0039
[ep 2/250] loss=5.5445 acc=0.0048
[ep 3/250] loss=5.5429 acc=0.0044
[ep 4/250] loss=5.5410 acc=0.0048
[ep 5/250] loss=5.5390 acc=0.0050 val_ge_auc=120.53 *best*
[ep 6/250] loss=5.5348 acc=0.0053
[ep 7/250] loss=5.5148 acc=0.0061
[ep 8/250] loss=5.4848 acc=0.0068
[ep 9/250] loss=5.4629 acc=0.0072
[ep 10/250] loss=5.4406 acc=0.0070 val_ge_auc=26.22 *best*
[ep 11/250] loss=5.4176 acc=0.0077
[ep 12/250] loss=5.4014 acc=0.0089
[ep 13/250] loss=5.3901 acc=0.0094
[ep 14/250] loss=5.3753 acc=0.0096
[ep 15/250] loss=5.3642 acc=0.0102 val_ge_auc=24.34 *best*
[ep 16/250] loss=5.3524 acc=0.0092
[ep 17/250] loss=5.3406 acc=0.0112
[ep 18/250] loss=5.3316 acc=0.0113
[ep 19/250] loss=5.3214 acc=0.0113
[ep 20/250] loss=5.3144 acc=0.0122 val_ge_auc=14.50 *best*
[ep 21/250] loss=5.3044 acc=0.0122
[ep 22/250] loss=5.2961 acc=0.0128
[ep 23/250] loss=5.2919 acc=0.0134
[ep 24/250] loss=5.2813 acc=0.0133
[ep 25/250] loss=5.2760 acc=0.0136 val_ge_auc=9.33 *best*
[ep 26/250] loss=5.2704 acc=0.0144
[ep 27/250] loss=5.2667 acc=0.0142
[ep 28/250] loss=5.2567 acc=0.0149
[ep 29/250] loss=5.2532 acc=0.0154
[ep 30/250] loss=5.2482 acc=0.0158 val_ge_auc=8.86 *best*
[ep 31/250] loss=5.2424 acc=0.0152
[ep 32/250] loss=5.2394 acc=0.0160
[ep 33/250] loss=5.2327 acc=0.0155
[ep 34/250] loss=5.2267 acc=0.0165
[ep 35/250] loss=5.2233 acc=0.0165 val_ge_auc=9.29 (stale 1/8)
[ep 36/250] loss=5.2166 acc=0.0168
[ep 37/250] loss=5.2127 acc=0.0166
[ep 38/250] loss=5.2074 acc=0.0175
[ep 39/250] loss=5.2011 acc=0.0178
[ep 40/250] loss=5.1978 acc=0.0180 val_ge_auc=12.49 (stale 2/8)
[ep 41/250] loss=5.1949 acc=0.0195
[ep 42/250] loss=5.1910 acc=0.0191
[ep 43/250] loss=5.1851 acc=0.0184
[ep 44/250] loss=5.1830 acc=0.0197
[ep 45/250] loss=5.1799 acc=0.0195 val_ge_auc=10.88 (stale 3/8)
[ep 46/250] loss=5.1769 acc=0.0194
[ep 47/250] loss=5.1733 acc=0.0199
[ep 48/250] loss=5.1685 acc=0.0202
[ep 49/250] loss=5.1657 acc=0.0192
[ep 50/250] loss=5.1592 acc=0.0196 val_ge_auc=11.51 (stale 4/8)
[ep 51/250] loss=5.1610 acc=0.0202
[ep 52/250] loss=5.1550 acc=0.0208
[ep 53/250] loss=5.1516 acc=0.0210
[ep 54/250] loss=5.1491 acc=0.0210
[ep 55/250] loss=5.1462 acc=0.0211 val_ge_auc=12.57 (stale 5/8)
[ep 56/250] loss=5.1429 acc=0.0214
[ep 57/250] loss=5.1409 acc=0.0215
[ep 58/250] loss=5.1375 acc=0.0210
[ep 59/250] loss=5.1346 acc=0.0217
[ep 60/250] loss=5.1291 acc=0.0228 val_ge_auc=16.89 (stale 6/8)
[ep 61/250] loss=5.1275 acc=0.0217
[ep 62/250] loss=5.1238 acc=0.0219
[ep 63/250] loss=5.1251 acc=0.0222
[ep 64/250] loss=5.1205 acc=0.0221
[ep 65/250] loss=5.1197 acc=0.0233 val_ge_auc=11.75 (stale 7/8)
[ep 66/250] loss=5.1184 acc=0.0219
[ep 67/250] loss=5.1129 acc=0.0222
[ep 68/250] loss=5.1140 acc=0.0228
[ep 69/250] loss=5.1114 acc=0.0238
[ep 70/250] loss=5.1093 acc=0.0233 val_ge_auc=13.94 (stale 8/8)
[patience] no improvement for 8 evals, stopping at ep 70
[early-stop] best val_ge_auc=8.86 at epoch 30
[GE] s3_f_clswide_qcnn_s1 min=0.000@1354 final=0.000 recov[GE<0.5]=658 (GE<1=521) time=7.4min
