[data] s3_f_clsnarrow_qcnn_s3 len=700 train=45000 val=5000 attack=10000 key=0xe0 early_stop=True
[model] s3_f_clsnarrow_qcnn_s3 params=42744 (mid-block=16)
[ep 1/250] loss=5.5501 acc=0.0038
[ep 2/250] loss=5.5450 acc=0.0048
[ep 3/250] loss=5.5442 acc=0.0045
[ep 4/250] loss=5.5439 acc=0.0046
[ep 5/250] loss=5.5436 acc=0.0048 val_ge_auc=129.06 *best*
[ep 6/250] loss=5.5434 acc=0.0048
[ep 7/250] loss=5.5432 acc=0.0046
[ep 8/250] loss=5.5431 acc=0.0046
[ep 9/250] loss=5.5431 acc=0.0049
[ep 10/250] loss=5.5431 acc=0.0048 val_ge_auc=132.79 (stale 1/8)
[ep 11/250] loss=5.5431 acc=0.0048
[ep 12/250] loss=5.5431 acc=0.0050
[ep 13/250] loss=5.5431 acc=0.0047
[ep 14/250] loss=5.5431 acc=0.0050
[ep 15/250] loss=5.5431 acc=0.0050 val_ge_auc=130.63 (stale 2/8)
[ep 16/250] loss=5.5431 acc=0.0047
[ep 17/250] loss=5.5431 acc=0.0046
[ep 18/250] loss=5.5431 acc=0.0046
[ep 19/250] loss=5.5431 acc=0.0049
[ep 20/250] loss=5.5431 acc=0.0047 val_ge_auc=129.64 (stale 3/8)
[ep 21/250] loss=5.5431 acc=0.0047
[ep 22/250] loss=5.5431 acc=0.0050
[ep 23/250] loss=5.5431 acc=0.0050
[ep 24/250] loss=5.5431 acc=0.0045
[ep 25/250] loss=5.5431 acc=0.0046 val_ge_auc=128.83 *best*
[ep 26/250] loss=5.5431 acc=0.0048
[ep 27/250] loss=5.5431 acc=0.0049
[ep 28/250] loss=5.5431 acc=0.0050
[ep 29/250] loss=5.5431 acc=0.0044
[ep 30/250] loss=5.5431 acc=0.0049 val_ge_auc=127.78 *best*
[ep 31/250] loss=5.5431 acc=0.0047
[ep 32/250] loss=5.5431 acc=0.0049
[ep 33/250] loss=5.5431 acc=0.0045
[ep 34/250] loss=5.5431 acc=0.0044
[ep 35/250] loss=5.5431 acc=0.0048 val_ge_auc=129.67 (stale 1/8)
[ep 36/250] loss=5.5431 acc=0.0048
[ep 37/250] loss=5.5431 acc=0.0050
[ep 38/250] loss=5.5431 acc=0.0048
[ep 39/250] loss=5.5431 acc=0.0047
[ep 40/250] loss=5.5431 acc=0.0049 val_ge_auc=131.88 (stale 2/8)
[ep 41/250] loss=5.5431 acc=0.0047
[ep 42/250] loss=5.5431 acc=0.0044
[ep 43/250] loss=5.5431 acc=0.0051
[ep 44/250] loss=5.5431 acc=0.0047
[ep 45/250] loss=5.5431 acc=0.0048 val_ge_auc=130.35 (stale 3/8)
[ep 46/250] loss=5.5431 acc=0.0049
[ep 47/250] loss=5.5431 acc=0.0049
[ep 48/250] loss=5.5431 acc=0.0049
[ep 49/250] loss=5.5431 acc=0.0050
[ep 50/250] loss=5.5431 acc=0.0048 val_ge_auc=131.12 (stale 4/8)
[ep 51/250] loss=5.5431 acc=0.0050
[ep 52/250] loss=5.5431 acc=0.0047
[ep 53/250] loss=5.5431 acc=0.0050
[ep 54/250] loss=5.5431 acc=0.0048
[ep 55/250] loss=5.5431 acc=0.0049 val_ge_auc=129.39 (stale 5/8)
[ep 56/250] loss=5.5431 acc=0.0050
[ep 57/250] loss=5.5431 acc=0.0050
[ep 58/250] loss=5.5431 acc=0.0044
[ep 59/250] loss=5.5431 acc=0.0048
[ep 60/250] loss=5.5431 acc=0.0048 val_ge_auc=130.98 (stale 6/8)
[ep 61/250] loss=5.5431 acc=0.0048
[ep 62/250] loss=5.5431 acc=0.0045
[ep 63/250] loss=5.5431 acc=0.0047
[ep 64/250] loss=5.5431 acc=0.0050
[ep 65/250] loss=5.5431 acc=0.0046 val_ge_auc=126.97 *best*
[ep 66/250] loss=5.5431 acc=0.0049
[ep 67/250] loss=5.5431 acc=0.0047
[ep 68/250] loss=5.5431 acc=0.0050
[ep 69/250] loss=5.5431 acc=0.0048
[ep 70/250] loss=5.5431 acc=0.0047 val_ge_auc=129.61 (stale 1/8)
[ep 71/250] loss=5.5431 acc=0.0050
[ep 72/250] loss=5.5431 acc=0.0048
[ep 73/250] loss=5.5431 acc=0.0050
[ep 74/250] loss=5.5431 acc=0.0048
[ep 75/250] loss=5.5430 acc=0.0048 val_ge_auc=128.42 (stale 2/8)
[ep 76/250] loss=5.5431 acc=0.0044
[ep 77/250] loss=5.5431 acc=0.0049
[ep 78/250] loss=5.5431 acc=0.0043
[ep 79/250] loss=5.5431 acc=0.0047
[ep 80/250] loss=5.5431 acc=0.0046 val_ge_auc=129.48 (stale 3/8)
[ep 81/250] loss=5.5431 acc=0.0047
[ep 82/250] loss=5.5431 acc=0.0048
[ep 83/250] loss=5.5431 acc=0.0050
[ep 84/250] loss=5.5431 acc=0.0044
[ep 85/250] loss=5.5431 acc=0.0049 val_ge_auc=128.94 (stale 4/8)
[ep 86/250] loss=5.5431 acc=0.0047
[ep 87/250] loss=5.5431 acc=0.0048
[ep 88/250] loss=5.5431 acc=0.0050
[ep 89/250] loss=5.5431 acc=0.0046
[ep 90/250] loss=5.5431 acc=0.0049 val_ge_auc=130.09 (stale 5/8)
[ep 91/250] loss=5.5431 acc=0.0050
[ep 92/250] loss=5.5431 acc=0.0050
[ep 93/250] loss=5.5431 acc=0.0048
[ep 94/250] loss=5.5431 acc=0.0047
[ep 95/250] loss=5.5431 acc=0.0050 val_ge_auc=129.84 (stale 6/8)
[ep 96/250] loss=5.5431 acc=0.0049
[ep 97/250] loss=5.5431 acc=0.0049
[ep 98/250] loss=5.5431 acc=0.0048
[ep 99/250] loss=5.5431 acc=0.0047
[ep 100/250] loss=5.5431 acc=0.0048 val_ge_auc=130.36 (stale 7/8)
[ep 101/250] loss=5.5431 acc=0.0048
[ep 102/250] loss=5.5431 acc=0.0050
[ep 103/250] loss=5.5431 acc=0.0048
[ep 104/250] loss=5.5431 acc=0.0044
[ep 105/250] loss=5.5431 acc=0.0047 val_ge_auc=130.07 (stale 8/8)
[patience] no improvement for 8 evals, stopping at ep 105
[early-stop] best val_ge_auc=126.97 at epoch 65
[GE] s3_f_clsnarrow_qcnn_s3 min=121.900@74 final=188.120 recov[GE<0.5]=None (GE<1=None) time=9.6min
