[data] s3_f_quantum_qcnn_s3 len=700 train=45000 val=5000 attack=10000 key=0xe0 early_stop=True
[model] s3_f_quantum_qcnn_s3 params=42750 (mid-block=22)
[ep 1/250] loss=5.5568 acc=0.0039
[ep 2/250] loss=5.5439 acc=0.0046
[ep 3/250] loss=5.5406 acc=0.0052
[ep 4/250] loss=5.5368 acc=0.0054
[ep 5/250] loss=5.5307 acc=0.0058 val_ge_auc=103.56 *best*
[ep 6/250] loss=5.5214 acc=0.0065
[ep 7/250] loss=5.5088 acc=0.0069
[ep 8/250] loss=5.4929 acc=0.0077
[ep 9/250] loss=5.4765 acc=0.0081
[ep 10/250] loss=5.4650 acc=0.0088 val_ge_auc=12.99 *best*
[ep 11/250] loss=5.4537 acc=0.0094
[ep 12/250] loss=5.4441 acc=0.0102
[ep 13/250] loss=5.4328 acc=0.0102
[ep 14/250] loss=5.4217 acc=0.0111
[ep 15/250] loss=5.4137 acc=0.0110 val_ge_auc=8.97 *best*
[ep 16/250] loss=5.4034 acc=0.0118
[ep 17/250] loss=5.3930 acc=0.0120
[ep 18/250] loss=5.3842 acc=0.0132
[ep 19/250] loss=5.3722 acc=0.0136
[ep 20/250] loss=5.3606 acc=0.0139 val_ge_auc=6.71 *best*
[ep 21/250] loss=5.3506 acc=0.0144
[ep 22/250] loss=5.3370 acc=0.0148
[ep 23/250] loss=5.3283 acc=0.0150
[ep 24/250] loss=5.3160 acc=0.0163
[ep 25/250] loss=5.3054 acc=0.0159 val_ge_auc=5.44 *best*
[ep 26/250] loss=5.2943 acc=0.0176
[ep 27/250] loss=5.2845 acc=0.0180
[ep 28/250] loss=5.2761 acc=0.0184
[ep 29/250] loss=5.2684 acc=0.0194
[ep 30/250] loss=5.2606 acc=0.0195 val_ge_auc=5.13 *best*
[ep 31/250] loss=5.2517 acc=0.0195
[ep 32/250] loss=5.2428 acc=0.0192
[ep 33/250] loss=5.2368 acc=0.0203
[ep 34/250] loss=5.2309 acc=0.0200
[ep 35/250] loss=5.2235 acc=0.0216 val_ge_auc=5.58 (stale 1/8)
[ep 36/250] loss=5.2192 acc=0.0207
[ep 37/250] loss=5.2104 acc=0.0218
[ep 38/250] loss=5.2064 acc=0.0222
[ep 39/250] loss=5.1990 acc=0.0228
[ep 40/250] loss=5.1957 acc=0.0227 val_ge_auc=5.70 (stale 2/8)
[ep 41/250] loss=5.1890 acc=0.0231
[ep 42/250] loss=5.1835 acc=0.0236
[ep 43/250] loss=5.1777 acc=0.0242
[ep 44/250] loss=5.1748 acc=0.0236
[ep 45/250] loss=5.1687 acc=0.0250 val_ge_auc=5.58 (stale 3/8)
[ep 46/250] loss=5.1639 acc=0.0246
[ep 47/250] loss=5.1607 acc=0.0255
[ep 48/250] loss=5.1542 acc=0.0255
[ep 49/250] loss=5.1482 acc=0.0261
[ep 50/250] loss=5.1475 acc=0.0259 val_ge_auc=6.17 (stale 4/8)
[ep 51/250] loss=5.1414 acc=0.0269
[ep 52/250] loss=5.1379 acc=0.0270
[ep 53/250] loss=5.1348 acc=0.0278
[ep 54/250] loss=5.1295 acc=0.0270
[ep 55/250] loss=5.1279 acc=0.0272 val_ge_auc=6.50 (stale 5/8)
[ep 56/250] loss=5.1236 acc=0.0268
[ep 57/250] loss=5.1199 acc=0.0277
[ep 58/250] loss=5.1150 acc=0.0269
[ep 59/250] loss=5.1124 acc=0.0280
[ep 60/250] loss=5.1096 acc=0.0277 val_ge_auc=7.18 (stale 6/8)
[ep 61/250] loss=5.1072 acc=0.0284
[ep 62/250] loss=5.1045 acc=0.0293
[ep 63/250] loss=5.0989 acc=0.0293
[ep 64/250] loss=5.0979 acc=0.0294
[ep 65/250] loss=5.0954 acc=0.0288 val_ge_auc=6.77 (stale 7/8)
[ep 66/250] loss=5.0926 acc=0.0294
[ep 67/250] loss=5.0890 acc=0.0298
[ep 68/250] loss=5.0877 acc=0.0297
[ep 69/250] loss=5.0828 acc=0.0290
[ep 70/250] loss=5.0829 acc=0.0297 val_ge_auc=6.76 (stale 8/8)
[patience] no improvement for 8 evals, stopping at ep 70
[early-stop] best val_ge_auc=5.13 at epoch 30
[GE] s3_f_quantum_qcnn_s3 min=0.000@537 final=0.000 recov[GE<0.5]=211 (GE<1=170) time=34.4min
