[data] s3_f_quantum_qcnn_s4 len=700 train=45000 val=5000 attack=10000 key=0xe0 early_stop=True
[model] s3_f_quantum_qcnn_s4 params=42750 (mid-block=22)
[ep 1/250] loss=5.5573 acc=0.0036
[ep 2/250] loss=5.5449 acc=0.0045
[ep 3/250] loss=5.5413 acc=0.0047
[ep 4/250] loss=5.5367 acc=0.0050
[ep 5/250] loss=5.5321 acc=0.0059 val_ge_auc=121.55 *best*
[ep 6/250] loss=5.5240 acc=0.0064
[ep 7/250] loss=5.5065 acc=0.0072
[ep 8/250] loss=5.4727 acc=0.0082
[ep 9/250] loss=5.4448 acc=0.0088
[ep 10/250] loss=5.4208 acc=0.0098 val_ge_auc=27.05 *best*
[ep 11/250] loss=5.4005 acc=0.0101
[ep 12/250] loss=5.3808 acc=0.0107
[ep 13/250] loss=5.3645 acc=0.0119
[ep 14/250] loss=5.3511 acc=0.0122
[ep 15/250] loss=5.3394 acc=0.0116 val_ge_auc=24.03 *best*
[ep 16/250] loss=5.3235 acc=0.0126
[ep 17/250] loss=5.3111 acc=0.0141
[ep 18/250] loss=5.3013 acc=0.0144
[ep 19/250] loss=5.2884 acc=0.0148
[ep 20/250] loss=5.2802 acc=0.0142 val_ge_auc=22.00 *best*
[ep 21/250] loss=5.2680 acc=0.0160
[ep 22/250] loss=5.2562 acc=0.0167
[ep 23/250] loss=5.2502 acc=0.0169
[ep 24/250] loss=5.2367 acc=0.0185
[ep 25/250] loss=5.2297 acc=0.0172 val_ge_auc=19.15 *best*
[ep 26/250] loss=5.2193 acc=0.0185
[ep 27/250] loss=5.2102 acc=0.0193
[ep 28/250] loss=5.2026 acc=0.0193
[ep 29/250] loss=5.1923 acc=0.0202
[ep 30/250] loss=5.1874 acc=0.0210 val_ge_auc=17.20 *best*
[ep 31/250] loss=5.1780 acc=0.0209
[ep 32/250] loss=5.1683 acc=0.0220
[ep 33/250] loss=5.1622 acc=0.0220
[ep 34/250] loss=5.1555 acc=0.0223
[ep 35/250] loss=5.1466 acc=0.0228 val_ge_auc=17.67 (stale 1/8)
[ep 36/250] loss=5.1444 acc=0.0224
[ep 37/250] loss=5.1341 acc=0.0239
[ep 38/250] loss=5.1277 acc=0.0241
[ep 39/250] loss=5.1250 acc=0.0235
[ep 40/250] loss=5.1169 acc=0.0250 val_ge_auc=16.51 *best*
[ep 41/250] loss=5.1126 acc=0.0255
[ep 42/250] loss=5.1052 acc=0.0252
[ep 43/250] loss=5.1029 acc=0.0253
[ep 44/250] loss=5.0937 acc=0.0264
[ep 45/250] loss=5.0902 acc=0.0277 val_ge_auc=17.10 (stale 1/8)
[ep 46/250] loss=5.0853 acc=0.0274
[ep 47/250] loss=5.0797 acc=0.0278
[ep 48/250] loss=5.0709 acc=0.0277
[ep 49/250] loss=5.0711 acc=0.0278
[ep 50/250] loss=5.0629 acc=0.0279 val_ge_auc=18.62 (stale 2/8)
[ep 51/250] loss=5.0626 acc=0.0283
[ep 52/250] loss=5.0569 acc=0.0284
[ep 53/250] loss=5.0552 acc=0.0295
[ep 54/250] loss=5.0506 acc=0.0295
[ep 55/250] loss=5.0430 acc=0.0288 val_ge_auc=17.18 (stale 3/8)
[ep 56/250] loss=5.0394 acc=0.0294
[ep 57/250] loss=5.0392 acc=0.0291
[ep 58/250] loss=5.0326 acc=0.0307
[ep 59/250] loss=5.0299 acc=0.0312
[ep 60/250] loss=5.0252 acc=0.0310 val_ge_auc=18.41 (stale 4/8)
[ep 61/250] loss=5.0213 acc=0.0315
[ep 62/250] loss=5.0206 acc=0.0312
[ep 63/250] loss=5.0135 acc=0.0329
[ep 64/250] loss=5.0124 acc=0.0339
[ep 65/250] loss=5.0108 acc=0.0333 val_ge_auc=17.80 (stale 5/8)
[ep 66/250] loss=5.0044 acc=0.0345
[ep 67/250] loss=5.0028 acc=0.0324
[ep 68/250] loss=5.0040 acc=0.0330
[ep 69/250] loss=4.9972 acc=0.0336
[ep 70/250] loss=4.9971 acc=0.0326 val_ge_auc=18.19 (stale 6/8)
[ep 71/250] loss=4.9918 acc=0.0337
[ep 72/250] loss=4.9911 acc=0.0336
[ep 73/250] loss=4.9871 acc=0.0344
[ep 74/250] loss=4.9820 acc=0.0352
[ep 75/250] loss=4.9833 acc=0.0341 val_ge_auc=19.29 (stale 7/8)
[ep 76/250] loss=4.9769 acc=0.0356
[ep 77/250] loss=4.9752 acc=0.0348
[ep 78/250] loss=4.9709 acc=0.0359
[ep 79/250] loss=4.9696 acc=0.0368
[ep 80/250] loss=4.9664 acc=0.0348 val_ge_auc=18.41 (stale 8/8)
[patience] no improvement for 8 evals, stopping at ep 80
[early-stop] best val_ge_auc=16.51 at epoch 40
[GE] s3_f_quantum_qcnn_s4 min=2.340@2994 final=2.410 recov[GE<0.5]=None (GE<1=None) time=39.1min
