[data] s3_f_clsnarrow_qcnn_s4 len=700 train=45000 val=5000 attack=10000 key=0xe0 early_stop=True
[model] s3_f_clsnarrow_qcnn_s4 params=42744 (mid-block=16)
[ep 1/250] loss=5.5489 acc=0.0038
[ep 2/250] loss=5.5450 acc=0.0042
[ep 3/250] loss=5.5442 acc=0.0046
[ep 4/250] loss=5.5440 acc=0.0046
[ep 5/250] loss=5.5438 acc=0.0048 val_ge_auc=112.30 *best*
[ep 6/250] loss=5.5435 acc=0.0049
[ep 7/250] loss=5.5435 acc=0.0044
[ep 8/250] loss=5.5434 acc=0.0045
[ep 9/250] loss=5.5434 acc=0.0045
[ep 10/250] loss=5.5434 acc=0.0048 val_ge_auc=108.65 *best*
[ep 11/250] loss=5.5433 acc=0.0049
[ep 12/250] loss=5.5433 acc=0.0047
[ep 13/250] loss=5.5434 acc=0.0047
[ep 14/250] loss=5.5434 acc=0.0047
[ep 15/250] loss=5.5433 acc=0.0048 val_ge_auc=110.17 (stale 1/8)
[ep 16/250] loss=5.5434 acc=0.0049
[ep 17/250] loss=5.5433 acc=0.0046
[ep 18/250] loss=5.5433 acc=0.0047
[ep 19/250] loss=5.5433 acc=0.0049
[ep 20/250] loss=5.5434 acc=0.0048 val_ge_auc=108.82 (stale 2/8)
[ep 21/250] loss=5.5434 acc=0.0047
[ep 22/250] loss=5.5434 acc=0.0046
[ep 23/250] loss=5.5433 acc=0.0049
[ep 24/250] loss=5.5433 acc=0.0049
[ep 25/250] loss=5.5433 acc=0.0048 val_ge_auc=108.20 *best*
[ep 26/250] loss=5.5433 acc=0.0049
[ep 27/250] loss=5.5433 acc=0.0048
[ep 28/250] loss=5.5434 acc=0.0049
[ep 29/250] loss=5.5433 acc=0.0048
[ep 30/250] loss=5.5433 acc=0.0047 val_ge_auc=108.95 (stale 1/8)
[ep 31/250] loss=5.5433 acc=0.0049
[ep 32/250] loss=5.5433 acc=0.0049
[ep 33/250] loss=5.5433 acc=0.0048
[ep 34/250] loss=5.5434 acc=0.0044
[ep 35/250] loss=5.5433 acc=0.0047 val_ge_auc=108.00 *best*
[ep 36/250] loss=5.5434 acc=0.0049
[ep 37/250] loss=5.5433 acc=0.0047
[ep 38/250] loss=5.5433 acc=0.0049
[ep 39/250] loss=5.5433 acc=0.0047
[ep 40/250] loss=5.5434 acc=0.0049 val_ge_auc=109.07 (stale 1/8)
[ep 41/250] loss=5.5434 acc=0.0048
[ep 42/250] loss=5.5433 acc=0.0049
[ep 43/250] loss=5.5434 acc=0.0047
[ep 44/250] loss=5.5433 acc=0.0049
[ep 45/250] loss=5.5433 acc=0.0048 val_ge_auc=109.95 (stale 2/8)
[ep 46/250] loss=5.5434 acc=0.0048
[ep 47/250] loss=5.5433 acc=0.0049
[ep 48/250] loss=5.5433 acc=0.0046
[ep 49/250] loss=5.5433 acc=0.0049
[ep 50/250] loss=5.5433 acc=0.0046 val_ge_auc=106.89 *best*
[ep 51/250] loss=5.5433 acc=0.0047
[ep 52/250] loss=5.5433 acc=0.0048
[ep 53/250] loss=5.5434 acc=0.0046
[ep 54/250] loss=5.5433 acc=0.0049
[ep 55/250] loss=5.5434 acc=0.0049 val_ge_auc=108.82 (stale 1/8)
[ep 56/250] loss=5.5433 acc=0.0047
[ep 57/250] loss=5.5434 acc=0.0046
[ep 58/250] loss=5.5434 acc=0.0049
[ep 59/250] loss=5.5433 acc=0.0049
[ep 60/250] loss=5.5434 acc=0.0049 val_ge_auc=109.01 (stale 2/8)
[ep 61/250] loss=5.5433 acc=0.0048
[ep 62/250] loss=5.5434 acc=0.0049
[ep 63/250] loss=5.5434 acc=0.0048
[ep 64/250] loss=5.5433 acc=0.0047
[ep 65/250] loss=5.5434 acc=0.0047 val_ge_auc=108.20 (stale 3/8)
[ep 66/250] loss=5.5433 acc=0.0049
[ep 67/250] loss=5.5433 acc=0.0049
[ep 68/250] loss=5.5433 acc=0.0046
[ep 69/250] loss=5.5433 acc=0.0049
[ep 70/250] loss=5.5433 acc=0.0049 val_ge_auc=107.83 (stale 4/8)
[ep 71/250] loss=5.5433 acc=0.0048
[ep 72/250] loss=5.5433 acc=0.0049
[ep 73/250] loss=5.5433 acc=0.0047
[ep 74/250] loss=5.5433 acc=0.0049
[ep 75/250] loss=5.5433 acc=0.0044 val_ge_auc=109.30 (stale 5/8)
[ep 76/250] loss=5.5433 acc=0.0048
[ep 77/250] loss=5.5433 acc=0.0046
[ep 78/250] loss=5.5433 acc=0.0049
[ep 79/250] loss=5.5434 acc=0.0048
[ep 80/250] loss=5.5433 acc=0.0048 val_ge_auc=107.96 (stale 6/8)
[ep 81/250] loss=5.5434 acc=0.0045
[ep 82/250] loss=5.5434 acc=0.0049
[ep 83/250] loss=5.5434 acc=0.0049
[ep 84/250] loss=5.5433 acc=0.0049
[ep 85/250] loss=5.5434 acc=0.0049 val_ge_auc=108.57 (stale 7/8)
[ep 86/250] loss=5.5434 acc=0.0047
[ep 87/250] loss=5.5434 acc=0.0048
[ep 88/250] loss=5.5434 acc=0.0049
[ep 89/250] loss=5.5433 acc=0.0048
[ep 90/250] loss=5.5433 acc=0.0046 val_ge_auc=106.90 (stale 8/8)
[patience] no improvement for 8 evals, stopping at ep 90
[early-stop] best val_ge_auc=106.89 at epoch 50
[GE] s3_f_clsnarrow_qcnn_s4 min=123.350@2 final=184.160 recov[GE<0.5]=None (GE<1=None) time=8.2min
