[data] s3_f_clsnarrow_qcnn_s1 len=700 train=45000 val=5000 attack=10000 key=0xe0 early_stop=True
[model] s3_f_clsnarrow_qcnn_s1 params=42744 (mid-block=16)
[ep 1/250] loss=5.5478 acc=0.0043
[ep 2/250] loss=5.5446 acc=0.0046
[ep 3/250] loss=5.5441 acc=0.0048
[ep 4/250] loss=5.5437 acc=0.0044
[ep 5/250] loss=5.5435 acc=0.0047 val_ge_auc=126.31 *best*
[ep 6/250] loss=5.5433 acc=0.0048
[ep 7/250] loss=5.5433 acc=0.0047
[ep 8/250] loss=5.5432 acc=0.0050
[ep 9/250] loss=5.5432 acc=0.0047
[ep 10/250] loss=5.5432 acc=0.0047 val_ge_auc=130.21 (stale 1/8)
[ep 11/250] loss=5.5432 acc=0.0049
[ep 12/250] loss=5.5432 acc=0.0049
[ep 13/250] loss=5.5432 acc=0.0047
[ep 14/250] loss=5.5432 acc=0.0049
[ep 15/250] loss=5.5432 acc=0.0047 val_ge_auc=131.36 (stale 2/8)
[ep 16/250] loss=5.5432 acc=0.0049
[ep 17/250] loss=5.5432 acc=0.0048
[ep 18/250] loss=5.5432 acc=0.0047
[ep 19/250] loss=5.5432 acc=0.0045
[ep 20/250] loss=5.5432 acc=0.0048 val_ge_auc=130.33 (stale 3/8)
[ep 21/250] loss=5.5432 acc=0.0046
[ep 22/250] loss=5.5432 acc=0.0047
[ep 23/250] loss=5.5432 acc=0.0047
[ep 24/250] loss=5.5432 acc=0.0047
[ep 25/250] loss=5.5432 acc=0.0046 val_ge_auc=131.76 (stale 4/8)
[ep 26/250] loss=5.5432 acc=0.0045
[ep 27/250] loss=5.5432 acc=0.0045
[ep 28/250] loss=5.5432 acc=0.0046
[ep 29/250] loss=5.5432 acc=0.0048
[ep 30/250] loss=5.5432 acc=0.0046 val_ge_auc=128.56 (stale 5/8)
[ep 31/250] loss=5.5432 acc=0.0046
[ep 32/250] loss=5.5432 acc=0.0048
[ep 33/250] loss=5.5432 acc=0.0044
[ep 34/250] loss=5.5432 acc=0.0047
[ep 35/250] loss=5.5432 acc=0.0048 val_ge_auc=130.22 (stale 6/8)
[ep 36/250] loss=5.5432 acc=0.0048
[ep 37/250] loss=5.5432 acc=0.0043
[ep 38/250] loss=5.5432 acc=0.0049
[ep 39/250] loss=5.5432 acc=0.0048
[ep 40/250] loss=5.5432 acc=0.0048 val_ge_auc=130.07 (stale 7/8)
[ep 41/250] loss=5.5432 acc=0.0046
[ep 42/250] loss=5.5432 acc=0.0049
[ep 43/250] loss=5.5432 acc=0.0048
[ep 44/250] loss=5.5432 acc=0.0049
[ep 45/250] loss=5.5432 acc=0.0050 val_ge_auc=128.42 (stale 8/8)
[patience] no improvement for 8 evals, stopping at ep 45
[early-stop] best val_ge_auc=126.31 at epoch 5
[GE] s3_f_clsnarrow_qcnn_s1 min=123.240@2 final=200.260 recov[GE<0.5]=None (GE<1=None) time=4.5min
