[data] s3_f_clsnarrow_qcnn_s2 len=700 train=45000 val=5000 attack=10000 key=0xe0 early_stop=True
[model] s3_f_clsnarrow_qcnn_s2 params=42744 (mid-block=16)
[ep 1/250] loss=5.5504 acc=0.0040
[ep 2/250] loss=5.5453 acc=0.0037
[ep 3/250] loss=5.5445 acc=0.0045
[ep 4/250] loss=5.5440 acc=0.0042
[ep 5/250] loss=5.5438 acc=0.0044 val_ge_auc=113.93 *best*
[ep 6/250] loss=5.5436 acc=0.0045
[ep 7/250] loss=5.5435 acc=0.0044
[ep 8/250] loss=5.5433 acc=0.0045
[ep 9/250] loss=5.5433 acc=0.0045
[ep 10/250] loss=5.5432 acc=0.0046 val_ge_auc=114.28 (stale 1/8)
[ep 11/250] loss=5.5432 acc=0.0045
[ep 12/250] loss=5.5432 acc=0.0046
[ep 13/250] loss=5.5432 acc=0.0047
[ep 14/250] loss=5.5432 acc=0.0045
[ep 15/250] loss=5.5432 acc=0.0042 val_ge_auc=112.50 *best*
[ep 16/250] loss=5.5432 acc=0.0047
[ep 17/250] loss=5.5432 acc=0.0046
[ep 18/250] loss=5.5432 acc=0.0044
[ep 19/250] loss=5.5432 acc=0.0046
[ep 20/250] loss=5.5432 acc=0.0045 val_ge_auc=112.84 (stale 1/8)
[ep 21/250] loss=5.5432 acc=0.0041
[ep 22/250] loss=5.5432 acc=0.0043
[ep 23/250] loss=5.5432 acc=0.0044
[ep 24/250] loss=5.5432 acc=0.0043
[ep 25/250] loss=5.5432 acc=0.0044 val_ge_auc=112.73 (stale 2/8)
[ep 26/250] loss=5.5432 acc=0.0046
[ep 27/250] loss=5.5432 acc=0.0044
[ep 28/250] loss=5.5432 acc=0.0044
[ep 29/250] loss=5.5432 acc=0.0042
[ep 30/250] loss=5.5432 acc=0.0041 val_ge_auc=112.20 *best*
[ep 31/250] loss=5.5432 acc=0.0046
[ep 32/250] loss=5.5432 acc=0.0048
[ep 33/250] loss=5.5432 acc=0.0046
[ep 34/250] loss=5.5432 acc=0.0043
[ep 35/250] loss=5.5432 acc=0.0045 val_ge_auc=113.27 (stale 1/8)
[ep 36/250] loss=5.5432 acc=0.0043
[ep 37/250] loss=5.5432 acc=0.0047
[ep 38/250] loss=5.5432 acc=0.0047
[ep 39/250] loss=5.5432 acc=0.0044
[ep 40/250] loss=5.5432 acc=0.0046 val_ge_auc=112.43 (stale 2/8)
[ep 41/250] loss=5.5432 acc=0.0044
[ep 42/250] loss=5.5432 acc=0.0046
[ep 43/250] loss=5.5432 acc=0.0046
[ep 44/250] loss=5.5432 acc=0.0042
[ep 45/250] loss=5.5432 acc=0.0048 val_ge_auc=114.24 (stale 3/8)
[ep 46/250] loss=5.5432 acc=0.0042
[ep 47/250] loss=5.5432 acc=0.0046
[ep 48/250] loss=5.5432 acc=0.0047
[ep 49/250] loss=5.5432 acc=0.0044
[ep 50/250] loss=5.5432 acc=0.0043 val_ge_auc=111.88 *best*
[ep 51/250] loss=5.5432 acc=0.0046
[ep 52/250] loss=5.5432 acc=0.0043
[ep 53/250] loss=5.5432 acc=0.0048
[ep 54/250] loss=5.5432 acc=0.0046
[ep 55/250] loss=5.5432 acc=0.0046 val_ge_auc=114.10 (stale 1/8)
[ep 56/250] loss=5.5432 acc=0.0046
[ep 57/250] loss=5.5432 acc=0.0042
[ep 58/250] loss=5.5432 acc=0.0046
[ep 59/250] loss=5.5432 acc=0.0043
[ep 60/250] loss=5.5432 acc=0.0045 val_ge_auc=114.74 (stale 2/8)
[ep 61/250] loss=5.5432 acc=0.0044
[ep 62/250] loss=5.5432 acc=0.0043
[ep 63/250] loss=5.5432 acc=0.0047
[ep 64/250] loss=5.5432 acc=0.0044
[ep 65/250] loss=5.5432 acc=0.0047 val_ge_auc=113.35 (stale 3/8)
[ep 66/250] loss=5.5432 acc=0.0044
[ep 67/250] loss=5.5432 acc=0.0044
[ep 68/250] loss=5.5432 acc=0.0044
[ep 69/250] loss=5.5432 acc=0.0044
[ep 70/250] loss=5.5432 acc=0.0046 val_ge_auc=112.68 (stale 4/8)
[ep 71/250] loss=5.5432 acc=0.0045
[ep 72/250] loss=5.5432 acc=0.0043
[ep 73/250] loss=5.5432 acc=0.0044
[ep 74/250] loss=5.5432 acc=0.0047
[ep 75/250] loss=5.5432 acc=0.0048 val_ge_auc=111.52 *best*
[ep 76/250] loss=5.5432 acc=0.0046
[ep 77/250] loss=5.5432 acc=0.0046
[ep 78/250] loss=5.5432 acc=0.0043
[ep 79/250] loss=5.5432 acc=0.0047
[ep 80/250] loss=5.5432 acc=0.0045 val_ge_auc=112.50 (stale 1/8)
[ep 81/250] loss=5.5432 acc=0.0047
[ep 82/250] loss=5.5432 acc=0.0040
[ep 83/250] loss=5.5432 acc=0.0045
[ep 84/250] loss=5.5432 acc=0.0047
[ep 85/250] loss=5.5432 acc=0.0040 val_ge_auc=111.73 (stale 2/8)
[ep 86/250] loss=5.5432 acc=0.0046
[ep 87/250] loss=5.5432 acc=0.0046
[ep 88/250] loss=5.5432 acc=0.0048
[ep 89/250] loss=5.5432 acc=0.0041
[ep 90/250] loss=5.5432 acc=0.0048 val_ge_auc=113.27 (stale 3/8)
[ep 91/250] loss=5.5432 acc=0.0045
[ep 92/250] loss=5.5432 acc=0.0043
[ep 93/250] loss=5.5432 acc=0.0044
[ep 94/250] loss=5.5432 acc=0.0046
[ep 95/250] loss=5.5432 acc=0.0047 val_ge_auc=114.23 (stale 4/8)
[ep 96/250] loss=5.5432 acc=0.0047
[ep 97/250] loss=5.5432 acc=0.0047
[ep 98/250] loss=5.5432 acc=0.0046
[ep 99/250] loss=5.5432 acc=0.0044
[ep 100/250] loss=5.5432 acc=0.0048 val_ge_auc=112.67 (stale 5/8)
[ep 101/250] loss=5.5432 acc=0.0041
[ep 102/250] loss=5.5432 acc=0.0046
[ep 103/250] loss=5.5432 acc=0.0047
[ep 104/250] loss=5.5432 acc=0.0046
[ep 105/250] loss=5.5432 acc=0.0046 val_ge_auc=112.49 (stale 6/8)
[ep 106/250] loss=5.5432 acc=0.0044
[ep 107/250] loss=5.5432 acc=0.0044
[ep 108/250] loss=5.5432 acc=0.0039
[ep 109/250] loss=5.5432 acc=0.0043
[ep 110/250] loss=5.5432 acc=0.0047 val_ge_auc=111.64 (stale 7/8)
[ep 111/250] loss=5.5432 acc=0.0046
[ep 112/250] loss=5.5432 acc=0.0044
[ep 113/250] loss=5.5432 acc=0.0044
[ep 114/250] loss=5.5432 acc=0.0048
[ep 115/250] loss=5.5432 acc=0.0046 val_ge_auc=113.93 (stale 8/8)
[patience] no improvement for 8 evals, stopping at ep 115
[early-stop] best val_ge_auc=111.52 at epoch 75
[GE] s3_f_clsnarrow_qcnn_s2 min=126.080@2 final=181.410 recov[GE<0.5]=None (GE<1=None) time=11.3min
