[data] s3_f_clsnarrow_qcnn_s5 len=700 train=45000 val=5000 attack=10000 key=0xe0 early_stop=True
[model] s3_f_clsnarrow_qcnn_s5 params=42744 (mid-block=16)
[ep 1/250] loss=5.5507 acc=0.0036
[ep 2/250] loss=5.5452 acc=0.0049
[ep 3/250] loss=5.5444 acc=0.0050
[ep 4/250] loss=5.5441 acc=0.0045
[ep 5/250] loss=5.5439 acc=0.0047 val_ge_auc=101.41 *best*
[ep 6/250] loss=5.5437 acc=0.0050
[ep 7/250] loss=5.5435 acc=0.0048
[ep 8/250] loss=5.5435 acc=0.0050
[ep 9/250] loss=5.5434 acc=0.0050
[ep 10/250] loss=5.5434 acc=0.0049 val_ge_auc=98.70 *best*
[ep 11/250] loss=5.5434 acc=0.0049
[ep 12/250] loss=5.5434 acc=0.0047
[ep 13/250] loss=5.5434 acc=0.0046
[ep 14/250] loss=5.5434 acc=0.0046
[ep 15/250] loss=5.5434 acc=0.0049 val_ge_auc=100.88 (stale 1/8)
[ep 16/250] loss=5.5434 acc=0.0046
[ep 17/250] loss=5.5434 acc=0.0050
[ep 18/250] loss=5.5434 acc=0.0050
[ep 19/250] loss=5.5434 acc=0.0048
[ep 20/250] loss=5.5434 acc=0.0046 val_ge_auc=96.90 *best*
[ep 21/250] loss=5.5434 acc=0.0049
[ep 22/250] loss=5.5434 acc=0.0050
[ep 23/250] loss=5.5434 acc=0.0047
[ep 24/250] loss=5.5434 acc=0.0047
[ep 25/250] loss=5.5434 acc=0.0045 val_ge_auc=98.66 (stale 1/8)
[ep 26/250] loss=5.5434 acc=0.0049
[ep 27/250] loss=5.5434 acc=0.0048
[ep 28/250] loss=5.5434 acc=0.0048
[ep 29/250] loss=5.5434 acc=0.0048
[ep 30/250] loss=5.5434 acc=0.0050 val_ge_auc=97.16 (stale 2/8)
[ep 31/250] loss=5.5434 acc=0.0049
[ep 32/250] loss=5.5434 acc=0.0047
[ep 33/250] loss=5.5434 acc=0.0049
[ep 34/250] loss=5.5434 acc=0.0045
[ep 35/250] loss=5.5434 acc=0.0045 val_ge_auc=101.43 (stale 3/8)
[ep 36/250] loss=5.5434 acc=0.0048
[ep 37/250] loss=5.5434 acc=0.0050
[ep 38/250] loss=5.5434 acc=0.0048
[ep 39/250] loss=5.5434 acc=0.0047
[ep 40/250] loss=5.5434 acc=0.0049 val_ge_auc=99.82 (stale 4/8)
[ep 41/250] loss=5.5434 acc=0.0049
[ep 42/250] loss=5.5434 acc=0.0049
[ep 43/250] loss=5.5434 acc=0.0050
[ep 44/250] loss=5.5434 acc=0.0046
[ep 45/250] loss=5.5434 acc=0.0048 val_ge_auc=98.64 (stale 5/8)
[ep 46/250] loss=5.5434 acc=0.0048
[ep 47/250] loss=5.5434 acc=0.0045
[ep 48/250] loss=5.5434 acc=0.0050
[ep 49/250] loss=5.5434 acc=0.0047
[ep 50/250] loss=5.5434 acc=0.0047 val_ge_auc=100.11 (stale 6/8)
[ep 51/250] loss=5.5434 acc=0.0049
[ep 52/250] loss=5.5434 acc=0.0044
[ep 53/250] loss=5.5434 acc=0.0050
[ep 54/250] loss=5.5434 acc=0.0048
[ep 55/250] loss=5.5434 acc=0.0049 val_ge_auc=98.93 (stale 7/8)
[ep 56/250] loss=5.5434 acc=0.0050
[ep 57/250] loss=5.5434 acc=0.0048
[ep 58/250] loss=5.5434 acc=0.0050
[ep 59/250] loss=5.5434 acc=0.0048
[ep 60/250] loss=5.5434 acc=0.0050 val_ge_auc=99.13 (stale 8/8)
[patience] no improvement for 8 evals, stopping at ep 60
[early-stop] best val_ge_auc=96.90 at epoch 20
[GE] s3_f_clsnarrow_qcnn_s5 min=122.220@11 final=188.740 recov[GE<0.5]=None (GE<1=None) time=5.5min
