[data] s3_f_clswide_qcnn_s5 len=700 train=45000 val=5000 attack=10000 key=0xe0 early_stop=True
[model] s3_f_clswide_qcnn_s5 params=42872 (mid-block=144)
[ep 1/250] loss=5.5498 acc=0.0039
[ep 2/250] loss=5.5451 acc=0.0046
[ep 3/250] loss=5.5444 acc=0.0047
[ep 4/250] loss=5.5440 acc=0.0049
[ep 5/250] loss=5.5436 acc=0.0048 val_ge_auc=117.94 *best*
[ep 6/250] loss=5.5436 acc=0.0044
[ep 7/250] loss=5.5431 acc=0.0045
[ep 8/250] loss=5.5427 acc=0.0049
[ep 9/250] loss=5.5420 acc=0.0054
[ep 10/250] loss=5.5410 acc=0.0051 val_ge_auc=104.54 *best*
[ep 11/250] loss=5.5398 acc=0.0054
[ep 12/250] loss=5.5385 acc=0.0052
[ep 13/250] loss=5.5362 acc=0.0055
[ep 14/250] loss=5.5345 acc=0.0055
[ep 15/250] loss=5.5318 acc=0.0056 val_ge_auc=113.46 (stale 1/8)
[ep 16/250] loss=5.5299 acc=0.0057
[ep 17/250] loss=5.5271 acc=0.0053
[ep 18/250] loss=5.5247 acc=0.0056
[ep 19/250] loss=5.5209 acc=0.0062
[ep 20/250] loss=5.5163 acc=0.0063 val_ge_auc=80.71 *best*
[ep 21/250] loss=5.5103 acc=0.0063
[ep 22/250] loss=5.5022 acc=0.0067
[ep 23/250] loss=5.4939 acc=0.0072
[ep 24/250] loss=5.4851 acc=0.0070
[ep 25/250] loss=5.4771 acc=0.0078 val_ge_auc=12.77 *best*
[ep 26/250] loss=5.4686 acc=0.0077
[ep 27/250] loss=5.4598 acc=0.0080
[ep 28/250] loss=5.4535 acc=0.0087
[ep 29/250] loss=5.4467 acc=0.0082
[ep 30/250] loss=5.4403 acc=0.0087 val_ge_auc=11.61 *best*
[ep 31/250] loss=5.4343 acc=0.0080
[ep 32/250] loss=5.4293 acc=0.0094
[ep 33/250] loss=5.4231 acc=0.0091
[ep 34/250] loss=5.4187 acc=0.0091
[ep 35/250] loss=5.4132 acc=0.0101 val_ge_auc=16.51 (stale 1/8)
[ep 36/250] loss=5.4078 acc=0.0104
[ep 37/250] loss=5.4054 acc=0.0106
[ep 38/250] loss=5.3992 acc=0.0109
[ep 39/250] loss=5.3967 acc=0.0108
[ep 40/250] loss=5.3910 acc=0.0104 val_ge_auc=13.91 (stale 2/8)
[ep 41/250] loss=5.3890 acc=0.0112
[ep 42/250] loss=5.3831 acc=0.0117
[ep 43/250] loss=5.3793 acc=0.0106
[ep 44/250] loss=5.3772 acc=0.0113
[ep 45/250] loss=5.3730 acc=0.0127 val_ge_auc=18.98 (stale 3/8)
[ep 46/250] loss=5.3694 acc=0.0125
[ep 47/250] loss=5.3636 acc=0.0130
[ep 48/250] loss=5.3617 acc=0.0124
[ep 49/250] loss=5.3589 acc=0.0127
[ep 50/250] loss=5.3561 acc=0.0134 val_ge_auc=19.03 (stale 4/8)
[ep 51/250] loss=5.3511 acc=0.0140
[ep 52/250] loss=5.3484 acc=0.0129
[ep 53/250] loss=5.3436 acc=0.0144
[ep 54/250] loss=5.3406 acc=0.0138
[ep 55/250] loss=5.3386 acc=0.0145 val_ge_auc=23.49 (stale 5/8)
[ep 56/250] loss=5.3355 acc=0.0141
[ep 57/250] loss=5.3321 acc=0.0155
[ep 58/250] loss=5.3298 acc=0.0146
[ep 59/250] loss=5.3266 acc=0.0149
[ep 60/250] loss=5.3222 acc=0.0149 val_ge_auc=20.28 (stale 6/8)
[ep 61/250] loss=5.3206 acc=0.0148
[ep 62/250] loss=5.3174 acc=0.0154
[ep 63/250] loss=5.3161 acc=0.0159
[ep 64/250] loss=5.3105 acc=0.0156
[ep 65/250] loss=5.3070 acc=0.0159 val_ge_auc=20.78 (stale 7/8)
[ep 66/250] loss=5.3027 acc=0.0160
[ep 67/250] loss=5.3023 acc=0.0166
[ep 68/250] loss=5.2978 acc=0.0172
[ep 69/250] loss=5.2959 acc=0.0170
[ep 70/250] loss=5.2927 acc=0.0167 val_ge_auc=21.72 (stale 8/8)
[patience] no improvement for 8 evals, stopping at ep 70
[early-stop] best val_ge_auc=11.61 at epoch 30
[GE] s3_f_clswide_qcnn_s5 min=0.000@1005 final=0.000 recov[GE<0.5]=407 (GE<1=358) time=6.5min
