[data] s3_f_quantum_qcnn_s6 len=700 train=45000 val=5000 attack=10000 key=0xe0 early_stop=True
[model] s3_f_quantum_qcnn_s6 params=42750 (mid-block=22)
[ep 1/250] loss=5.5583 acc=0.0040
[ep 2/250] loss=5.5448 acc=0.0051
[ep 3/250] loss=5.5422 acc=0.0048
[ep 4/250] loss=5.5391 acc=0.0049
[ep 5/250] loss=5.5349 acc=0.0053 val_ge_auc=148.51 *best*
[ep 6/250] loss=5.5276 acc=0.0057
[ep 7/250] loss=5.5186 acc=0.0063
[ep 8/250] loss=5.5071 acc=0.0073
[ep 9/250] loss=5.4950 acc=0.0075
[ep 10/250] loss=5.4819 acc=0.0087 val_ge_auc=89.55 *best*
[ep 11/250] loss=5.4692 acc=0.0092
[ep 12/250] loss=5.4528 acc=0.0105
[ep 13/250] loss=5.4382 acc=0.0113
[ep 14/250] loss=5.4236 acc=0.0117
[ep 15/250] loss=5.4089 acc=0.0128 val_ge_auc=38.40 *best*
[ep 16/250] loss=5.3949 acc=0.0130
[ep 17/250] loss=5.3803 acc=0.0132
[ep 18/250] loss=5.3686 acc=0.0146
[ep 19/250] loss=5.3529 acc=0.0149
[ep 20/250] loss=5.3401 acc=0.0164 val_ge_auc=21.08 *best*
[ep 21/250] loss=5.3286 acc=0.0172
[ep 22/250] loss=5.3170 acc=0.0172
[ep 23/250] loss=5.3036 acc=0.0180
[ep 24/250] loss=5.2937 acc=0.0183
[ep 25/250] loss=5.2823 acc=0.0182 val_ge_auc=17.78 *best*
[ep 26/250] loss=5.2730 acc=0.0195
[ep 27/250] loss=5.2650 acc=0.0204
[ep 28/250] loss=5.2552 acc=0.0202
[ep 29/250] loss=5.2466 acc=0.0212
[ep 30/250] loss=5.2388 acc=0.0216 val_ge_auc=18.01 (stale 1/8)
[ep 31/250] loss=5.2300 acc=0.0218
[ep 32/250] loss=5.2239 acc=0.0231
[ep 33/250] loss=5.2160 acc=0.0225
[ep 34/250] loss=5.2070 acc=0.0239
[ep 35/250] loss=5.2028 acc=0.0236 val_ge_auc=17.99 (stale 2/8)
[ep 36/250] loss=5.1941 acc=0.0234
[ep 37/250] loss=5.1905 acc=0.0234
[ep 38/250] loss=5.1824 acc=0.0242
[ep 39/250] loss=5.1784 acc=0.0257
[ep 40/250] loss=5.1719 acc=0.0270 val_ge_auc=19.62 (stale 3/8)
[ep 41/250] loss=5.1657 acc=0.0265
[ep 42/250] loss=5.1620 acc=0.0273
[ep 43/250] loss=5.1551 acc=0.0268
[ep 44/250] loss=5.1494 acc=0.0269
[ep 45/250] loss=5.1456 acc=0.0269 val_ge_auc=21.02 (stale 4/8)
[ep 46/250] loss=5.1418 acc=0.0275
[ep 47/250] loss=5.1363 acc=0.0289
[ep 48/250] loss=5.1315 acc=0.0286
[ep 49/250] loss=5.1298 acc=0.0291
[ep 50/250] loss=5.1221 acc=0.0298 val_ge_auc=21.60 (stale 5/8)
[ep 51/250] loss=5.1199 acc=0.0306
[ep 52/250] loss=5.1137 acc=0.0300
[ep 53/250] loss=5.1100 acc=0.0298
[ep 54/250] loss=5.1092 acc=0.0303
[ep 55/250] loss=5.1057 acc=0.0300 val_ge_auc=20.25 (stale 6/8)
[ep 56/250] loss=5.1023 acc=0.0312
[ep 57/250] loss=5.0972 acc=0.0308
[ep 58/250] loss=5.0958 acc=0.0307
[ep 59/250] loss=5.0918 acc=0.0312
[ep 60/250] loss=5.0869 acc=0.0325 val_ge_auc=20.40 (stale 7/8)
[ep 61/250] loss=5.0879 acc=0.0319
[ep 62/250] loss=5.0821 acc=0.0320
[ep 63/250] loss=5.0799 acc=0.0322
[ep 64/250] loss=5.0755 acc=0.0323
[ep 65/250] loss=5.0735 acc=0.0330 val_ge_auc=22.94 (stale 8/8)
[patience] no improvement for 8 evals, stopping at ep 65
[early-stop] best val_ge_auc=17.78 at epoch 25
[GE] s3_f_quantum_qcnn_s6 min=0.020@2666 final=0.070 recov[GE<0.5]=1816 (GE<1=1356) time=31.8min
