[data] s3_f_clsnarrow_qcnn_s8 len=700 train=45000 val=5000 attack=10000 key=0xe0 early_stop=True
[model] s3_f_clsnarrow_qcnn_s8 params=42744 (mid-block=16)
[ep 1/250] loss=5.5481 acc=0.0042
[ep 2/250] loss=5.5447 acc=0.0043
[ep 3/250] loss=5.5441 acc=0.0041
[ep 4/250] loss=5.5436 acc=0.0046
[ep 5/250] loss=5.5435 acc=0.0050 val_ge_auc=116.29 *best*
[ep 6/250] loss=5.5433 acc=0.0050
[ep 7/250] loss=5.5433 acc=0.0050
[ep 8/250] loss=5.5432 acc=0.0050
[ep 9/250] loss=5.5432 acc=0.0050
[ep 10/250] loss=5.5432 acc=0.0050 val_ge_auc=113.09 *best*
[ep 11/250] loss=5.5432 acc=0.0050
[ep 12/250] loss=5.5432 acc=0.0050
[ep 13/250] loss=5.5432 acc=0.0048
[ep 14/250] loss=5.5432 acc=0.0050
[ep 15/250] loss=5.5432 acc=0.0050 val_ge_auc=112.84 *best*
[ep 16/250] loss=5.5432 acc=0.0047
[ep 17/250] loss=5.5432 acc=0.0050
[ep 18/250] loss=5.5432 acc=0.0050
[ep 19/250] loss=5.5432 acc=0.0050
[ep 20/250] loss=5.5432 acc=0.0050 val_ge_auc=112.43 *best*
[ep 21/250] loss=5.5432 acc=0.0050
[ep 22/250] loss=5.5432 acc=0.0050
[ep 23/250] loss=5.5432 acc=0.0050
[ep 24/250] loss=5.5432 acc=0.0050
[ep 25/250] loss=5.5432 acc=0.0050 val_ge_auc=113.03 (stale 1/8)
[ep 26/250] loss=5.5432 acc=0.0046
[ep 27/250] loss=5.5432 acc=0.0050
[ep 28/250] loss=5.5432 acc=0.0050
[ep 29/250] loss=5.5432 acc=0.0050
[ep 30/250] loss=5.5432 acc=0.0050 val_ge_auc=111.86 *best*
[ep 31/250] loss=5.5432 acc=0.0050
[ep 32/250] loss=5.5432 acc=0.0050
[ep 33/250] loss=5.5432 acc=0.0048
[ep 34/250] loss=5.5432 acc=0.0050
[ep 35/250] loss=5.5433 acc=0.0050 val_ge_auc=113.92 (stale 1/8)
[ep 36/250] loss=5.5432 acc=0.0050
[ep 37/250] loss=5.5433 acc=0.0050
[ep 38/250] loss=5.5432 acc=0.0050
[ep 39/250] loss=5.5432 acc=0.0050
[ep 40/250] loss=5.5432 acc=0.0050 val_ge_auc=112.16 (stale 2/8)
[ep 41/250] loss=5.5432 acc=0.0050
[ep 42/250] loss=5.5432 acc=0.0050
[ep 43/250] loss=5.5432 acc=0.0050
[ep 44/250] loss=5.5432 acc=0.0050
[ep 45/250] loss=5.5432 acc=0.0050 val_ge_auc=113.61 (stale 3/8)
[ep 46/250] loss=5.5432 acc=0.0050
[ep 47/250] loss=5.5432 acc=0.0048
[ep 48/250] loss=5.5432 acc=0.0050
[ep 49/250] loss=5.5432 acc=0.0050
[ep 50/250] loss=5.5432 acc=0.0050 val_ge_auc=112.96 (stale 4/8)
[ep 51/250] loss=5.5432 acc=0.0048
[ep 52/250] loss=5.5432 acc=0.0050
[ep 53/250] loss=5.5432 acc=0.0050
[ep 54/250] loss=5.5432 acc=0.0050
[ep 55/250] loss=5.5432 acc=0.0050 val_ge_auc=111.02 *best*
[ep 56/250] loss=5.5432 acc=0.0050
[ep 57/250] loss=5.5432 acc=0.0050
[ep 58/250] loss=5.5432 acc=0.0050
[ep 59/250] loss=5.5432 acc=0.0050
[ep 60/250] loss=5.5432 acc=0.0047 val_ge_auc=112.73 (stale 1/8)
[ep 61/250] loss=5.5432 acc=0.0050
[ep 62/250] loss=5.5432 acc=0.0050
[ep 63/250] loss=5.5432 acc=0.0050
[ep 64/250] loss=5.5432 acc=0.0048
[ep 65/250] loss=5.5432 acc=0.0050 val_ge_auc=114.04 (stale 2/8)
[ep 66/250] loss=5.5432 acc=0.0050
[ep 67/250] loss=5.5432 acc=0.0050
[ep 68/250] loss=5.5432 acc=0.0050
[ep 69/250] loss=5.5432 acc=0.0047
[ep 70/250] loss=5.5432 acc=0.0050 val_ge_auc=114.18 (stale 3/8)
[ep 71/250] loss=5.5432 acc=0.0050
[ep 72/250] loss=5.5432 acc=0.0050
[ep 73/250] loss=5.5432 acc=0.0050
[ep 74/250] loss=5.5432 acc=0.0050
[ep 75/250] loss=5.5432 acc=0.0050 val_ge_auc=114.56 (stale 4/8)
[ep 76/250] loss=5.5432 acc=0.0050
[ep 77/250] loss=5.5432 acc=0.0050
[ep 78/250] loss=5.5432 acc=0.0050
[ep 79/250] loss=5.5432 acc=0.0050
[ep 80/250] loss=5.5432 acc=0.0050 val_ge_auc=113.45 (stale 5/8)
[ep 81/250] loss=5.5432 acc=0.0050
[ep 82/250] loss=5.5432 acc=0.0050
[ep 83/250] loss=5.5432 acc=0.0050
[ep 84/250] loss=5.5432 acc=0.0050
[ep 85/250] loss=5.5432 acc=0.0050 val_ge_auc=110.26 *best*
[ep 86/250] loss=5.5432 acc=0.0050
[ep 87/250] loss=5.5432 acc=0.0050
[ep 88/250] loss=5.5432 acc=0.0050
[ep 89/250] loss=5.5432 acc=0.0050
[ep 90/250] loss=5.5432 acc=0.0050 val_ge_auc=111.34 (stale 1/8)
[ep 91/250] loss=5.5432 acc=0.0050
[ep 92/250] loss=5.5432 acc=0.0050
[ep 93/250] loss=5.5432 acc=0.0050
[ep 94/250] loss=5.5432 acc=0.0050
[ep 95/250] loss=5.5432 acc=0.0050 val_ge_auc=112.16 (stale 2/8)
[ep 96/250] loss=5.5432 acc=0.0050
[ep 97/250] loss=5.5432 acc=0.0050
[ep 98/250] loss=5.5432 acc=0.0050
[ep 99/250] loss=5.5432 acc=0.0050
[ep 100/250] loss=5.5432 acc=0.0050 val_ge_auc=113.26 (stale 3/8)
[ep 101/250] loss=5.5432 acc=0.0050
[ep 102/250] loss=5.5432 acc=0.0050
[ep 103/250] loss=5.5432 acc=0.0048
[ep 104/250] loss=5.5432 acc=0.0050
[ep 105/250] loss=5.5432 acc=0.0050 val_ge_auc=114.34 (stale 4/8)
[ep 106/250] loss=5.5432 acc=0.0050
[ep 107/250] loss=5.5432 acc=0.0050
[ep 108/250] loss=5.5432 acc=0.0050
[ep 109/250] loss=5.5432 acc=0.0050
[ep 110/250] loss=5.5432 acc=0.0050 val_ge_auc=112.21 (stale 5/8)
[ep 111/250] loss=5.5432 acc=0.0048
[ep 112/250] loss=5.5432 acc=0.0050
[ep 113/250] loss=5.5432 acc=0.0050
[ep 114/250] loss=5.5432 acc=0.0049
[ep 115/250] loss=5.5432 acc=0.0050 val_ge_auc=112.79 (stale 6/8)
[ep 116/250] loss=5.5432 acc=0.0050
[ep 117/250] loss=5.5432 acc=0.0050
[ep 118/250] loss=5.5432 acc=0.0050
[ep 119/250] loss=5.5432 acc=0.0044
[ep 120/250] loss=5.5432 acc=0.0050 val_ge_auc=112.62 (stale 7/8)
[ep 121/250] loss=5.5432 acc=0.0050
[ep 122/250] loss=5.5432 acc=0.0050
[ep 123/250] loss=5.5432 acc=0.0050
[ep 124/250] loss=5.5432 acc=0.0050
[ep 125/250] loss=5.5432 acc=0.0050 val_ge_auc=114.03 (stale 8/8)
[patience] no improvement for 8 evals, stopping at ep 125
[early-stop] best val_ge_auc=110.26 at epoch 85
[GE] s3_f_clsnarrow_qcnn_s8 min=126.430@2 final=203.090 recov[GE<0.5]=None (GE<1=None) time=11.4min
