[data] s3_v_quantum_sel_s0 len=1400 train=45000 val=5000 attack=100000 key=0x22 early_stop=True
[model] s3_v_quantum_sel_s0 params=49544 (mid-block=144)
[ep 1/250] loss=5.5556 acc=0.0043
[ep 2/250] loss=5.5463 acc=0.0047
[ep 3/250] loss=5.5437 acc=0.0047
[ep 4/250] loss=5.5411 acc=0.0049
[ep 5/250] loss=5.5379 acc=0.0055 val_ge_auc=124.00 *best*
[ep 6/250] loss=5.5336 acc=0.0058
[ep 7/250] loss=5.5269 acc=0.0060
[ep 8/250] loss=5.5178 acc=0.0062
[ep 9/250] loss=5.4995 acc=0.0076
[ep 10/250] loss=5.4561 acc=0.0094 val_ge_auc=87.61 *best*
[ep 11/250] loss=5.4119 acc=0.0107
[ep 12/250] loss=5.3756 acc=0.0120
[ep 13/250] loss=5.3447 acc=0.0134
[ep 14/250] loss=5.3171 acc=0.0146
[ep 15/250] loss=5.2887 acc=0.0152 val_ge_auc=69.59 *best*
[ep 16/250] loss=5.2669 acc=0.0161
[ep 17/250] loss=5.2443 acc=0.0182
[ep 18/250] loss=5.2227 acc=0.0181
[ep 19/250] loss=5.2028 acc=0.0192
[ep 20/250] loss=5.1855 acc=0.0209 val_ge_auc=71.35 (stale 1/8)
[ep 21/250] loss=5.1671 acc=0.0209
[ep 22/250] loss=5.1505 acc=0.0226
[ep 23/250] loss=5.1406 acc=0.0233
[ep 24/250] loss=5.1293 acc=0.0241
[ep 25/250] loss=5.1124 acc=0.0243 val_ge_auc=65.92 *best*
[ep 26/250] loss=5.0981 acc=0.0251
[ep 27/250] loss=5.0893 acc=0.0251
[ep 28/250] loss=5.0789 acc=0.0257
[ep 29/250] loss=5.0684 acc=0.0275
[ep 30/250] loss=5.0593 acc=0.0281 val_ge_auc=68.21 (stale 1/8)
[ep 31/250] loss=5.0498 acc=0.0287
[ep 32/250] loss=5.0411 acc=0.0301
[ep 33/250] loss=5.0324 acc=0.0291
[ep 34/250] loss=5.0246 acc=0.0296
[ep 35/250] loss=5.0167 acc=0.0310 val_ge_auc=68.74 (stale 2/8)
[ep 36/250] loss=5.0051 acc=0.0318
[ep 37/250] loss=4.9967 acc=0.0323
[ep 38/250] loss=4.9932 acc=0.0332
[ep 39/250] loss=4.9824 acc=0.0327
[ep 40/250] loss=4.9761 acc=0.0341 val_ge_auc=71.05 (stale 3/8)
[ep 41/250] loss=4.9669 acc=0.0341
[ep 42/250] loss=4.9580 acc=0.0344
[ep 43/250] loss=4.9544 acc=0.0337
[ep 44/250] loss=4.9469 acc=0.0374
[ep 45/250] loss=4.9375 acc=0.0362 val_ge_auc=71.76 (stale 4/8)
[ep 46/250] loss=4.9336 acc=0.0367
[ep 47/250] loss=4.9277 acc=0.0365
[ep 48/250] loss=4.9199 acc=0.0374
[ep 49/250] loss=4.9170 acc=0.0380
[ep 50/250] loss=4.9096 acc=0.0387 val_ge_auc=73.44 (stale 5/8)
[ep 51/250] loss=4.9020 acc=0.0395
[ep 52/250] loss=4.8960 acc=0.0400
[ep 53/250] loss=4.8914 acc=0.0392
[ep 54/250] loss=4.8865 acc=0.0400
[ep 55/250] loss=4.8862 acc=0.0411 val_ge_auc=73.66 (stale 6/8)
[ep 56/250] loss=4.8788 acc=0.0408
[ep 57/250] loss=4.8752 acc=0.0407
[ep 58/250] loss=4.8673 acc=0.0431
[ep 59/250] loss=4.8665 acc=0.0425
[ep 60/250] loss=4.8637 acc=0.0432 val_ge_auc=72.94 (stale 7/8)
[ep 61/250] loss=4.8597 acc=0.0431
[ep 62/250] loss=4.8549 acc=0.0430
[ep 63/250] loss=4.8505 acc=0.0425
[ep 64/250] loss=4.8484 acc=0.0434
[ep 65/250] loss=4.8417 acc=0.0448 val_ge_auc=74.67 (stale 8/8)
[patience] no improvement for 8 evals, stopping at ep 65
[early-stop] best val_ge_auc=65.92 at epoch 25
[GE] s3_v_quantum_sel_s0 min=1.090@2877 final=1.130 recov[GE<0.5]=None (GE<1=None) time=86.7min
