[data] s3_v_quantum_sel_s1 len=1400 train=45000 val=5000 attack=100000 key=0x22 early_stop=True
[model] s3_v_quantum_sel_s1 params=49544 (mid-block=144)
[ep 1/250] loss=5.5482 acc=0.0039
[ep 2/250] loss=5.5445 acc=0.0047
[ep 3/250] loss=5.5441 acc=0.0046
[ep 4/250] loss=5.5438 acc=0.0045
[ep 5/250] loss=5.5436 acc=0.0048 val_ge_auc=129.58 *best*
[ep 6/250] loss=5.5435 acc=0.0046
[ep 7/250] loss=5.5433 acc=0.0048
[ep 8/250] loss=5.5434 acc=0.0048
[ep 9/250] loss=5.5434 acc=0.0047
[ep 10/250] loss=5.5433 acc=0.0048 val_ge_auc=130.57 (stale 1/8)
[ep 11/250] loss=5.5433 acc=0.0048
[ep 12/250] loss=5.5434 acc=0.0045
[ep 13/250] loss=5.5434 acc=0.0046
[ep 14/250] loss=5.5434 acc=0.0048
[ep 15/250] loss=5.5434 acc=0.0048 val_ge_auc=130.27 (stale 2/8)
[ep 16/250] loss=5.5434 acc=0.0048
[ep 17/250] loss=5.5433 acc=0.0046
[ep 18/250] loss=5.5434 acc=0.0046
[ep 19/250] loss=5.5434 acc=0.0048
[ep 20/250] loss=5.5433 acc=0.0045 val_ge_auc=130.32 (stale 3/8)
[ep 21/250] loss=5.5434 acc=0.0045
[ep 22/250] loss=5.5433 acc=0.0048
[ep 23/250] loss=5.5433 acc=0.0047
[ep 24/250] loss=5.5433 acc=0.0048
[ep 25/250] loss=5.5434 acc=0.0048 val_ge_auc=130.60 (stale 4/8)
[ep 26/250] loss=5.5434 acc=0.0048
[ep 27/250] loss=5.5434 acc=0.0048
[ep 28/250] loss=5.5433 acc=0.0047
[ep 29/250] loss=5.5433 acc=0.0047
[ep 30/250] loss=5.5434 acc=0.0048 val_ge_auc=130.42 (stale 5/8)
[ep 31/250] loss=5.5433 acc=0.0048
[ep 32/250] loss=5.5434 acc=0.0048
[ep 33/250] loss=5.5433 acc=0.0045
[ep 34/250] loss=5.5434 acc=0.0048
[ep 35/250] loss=5.5434 acc=0.0046 val_ge_auc=130.54 (stale 6/8)
[ep 36/250] loss=5.5433 acc=0.0048
[ep 37/250] loss=5.5433 acc=0.0048
[ep 38/250] loss=5.5433 acc=0.0047
[ep 39/250] loss=5.5434 acc=0.0043
[ep 40/250] loss=5.5433 acc=0.0048 val_ge_auc=130.72 (stale 7/8)
[ep 41/250] loss=5.5433 acc=0.0048
[ep 42/250] loss=5.5433 acc=0.0048
[ep 43/250] loss=5.5434 acc=0.0046
[ep 44/250] loss=5.5434 acc=0.0048
[ep 45/250] loss=5.5433 acc=0.0048 val_ge_auc=130.22 (stale 8/8)
[patience] no improvement for 8 evals, stopping at ep 45
[early-stop] best val_ge_auc=129.58 at epoch 5
[GE] s3_v_quantum_sel_s1 min=108.490@3000 final=108.490 recov[GE<0.5]=None (GE<1=None) time=59.7min
