[data] s3_v_clsnarrow_sel_s0 len=1400 train=45000 val=5000 attack=100000 key=0x22 early_stop=True
[model] s3_v_clsnarrow_sel_s0 params=49544 (mid-block=144)
[ep 1/250] loss=5.5507 acc=0.0040
[ep 2/250] loss=5.5454 acc=0.0044
[ep 3/250] loss=5.5449 acc=0.0048
[ep 4/250] loss=5.5445 acc=0.0050
[ep 5/250] loss=5.5442 acc=0.0047 val_ge_auc=124.99 *best*
[ep 6/250] loss=5.5441 acc=0.0049
[ep 7/250] loss=5.5440 acc=0.0049
[ep 8/250] loss=5.5439 acc=0.0049
[ep 9/250] loss=5.5438 acc=0.0048
[ep 10/250] loss=5.5439 acc=0.0049 val_ge_auc=125.57 (stale 1/8)
[ep 11/250] loss=5.5439 acc=0.0049
[ep 12/250] loss=5.5438 acc=0.0049
[ep 13/250] loss=5.5439 acc=0.0049
[ep 14/250] loss=5.5438 acc=0.0049
[ep 15/250] loss=5.5439 acc=0.0049 val_ge_auc=125.64 (stale 2/8)
[ep 16/250] loss=5.5438 acc=0.0046
[ep 17/250] loss=5.5438 acc=0.0049
[ep 18/250] loss=5.5438 acc=0.0049
[ep 19/250] loss=5.5439 acc=0.0049
[ep 20/250] loss=5.5438 acc=0.0049 val_ge_auc=125.09 (stale 3/8)
[ep 21/250] loss=5.5439 acc=0.0049
[ep 22/250] loss=5.5438 acc=0.0049
[ep 23/250] loss=5.5439 acc=0.0049
[ep 24/250] loss=5.5438 acc=0.0049
[ep 25/250] loss=5.5438 acc=0.0049 val_ge_auc=125.26 (stale 4/8)
[ep 26/250] loss=5.5439 acc=0.0049
[ep 27/250] loss=5.5438 acc=0.0049
[ep 28/250] loss=5.5438 acc=0.0049
[ep 29/250] loss=5.5439 acc=0.0049
[ep 30/250] loss=5.5439 acc=0.0049 val_ge_auc=126.07 (stale 5/8)
[ep 31/250] loss=5.5438 acc=0.0049
[ep 32/250] loss=5.5438 acc=0.0049
[ep 33/250] loss=5.5439 acc=0.0048
[ep 34/250] loss=5.5438 acc=0.0049
[ep 35/250] loss=5.5439 acc=0.0048 val_ge_auc=125.91 (stale 6/8)
[ep 36/250] loss=5.5438 acc=0.0049
[ep 37/250] loss=5.5439 acc=0.0049
[ep 38/250] loss=5.5439 acc=0.0049
[ep 39/250] loss=5.5439 acc=0.0049
[ep 40/250] loss=5.5439 acc=0.0049 val_ge_auc=125.56 (stale 7/8)
[ep 41/250] loss=5.5439 acc=0.0049
[ep 42/250] loss=5.5439 acc=0.0049
[ep 43/250] loss=5.5439 acc=0.0049
[ep 44/250] loss=5.5439 acc=0.0049
[ep 45/250] loss=5.5438 acc=0.0049 val_ge_auc=125.54 (stale 8/8)
[patience] no improvement for 8 evals, stopping at ep 45
[early-stop] best val_ge_auc=124.99 at epoch 5
[GE] s3_v_clsnarrow_sel_s0 min=119.870@285 final=128.130 recov[GE<0.5]=None (GE<1=None) time=7.3min
