[data] s3_v_quantum_qcnn_s0 len=1400 train=45000 val=5000 attack=100000 key=0x22 early_stop=True
[model] s3_v_quantum_qcnn_s0 params=48382 (mid-block=22)
[ep 1/250] loss=5.5587 acc=0.0037
[ep 2/250] loss=5.5455 acc=0.0049
[ep 3/250] loss=5.5423 acc=0.0049
[ep 4/250] loss=5.5393 acc=0.0048
[ep 5/250] loss=5.5346 acc=0.0055 val_ge_auc=123.67 *best*
[ep 6/250] loss=5.5265 acc=0.0063
[ep 7/250] loss=5.4888 acc=0.0066
[ep 8/250] loss=5.4179 acc=0.0085
[ep 9/250] loss=5.3717 acc=0.0093
[ep 10/250] loss=5.3447 acc=0.0102 val_ge_auc=67.02 *best*
[ep 11/250] loss=5.3259 acc=0.0116
[ep 12/250] loss=5.3066 acc=0.0119
[ep 13/250] loss=5.2881 acc=0.0127
[ep 14/250] loss=5.2739 acc=0.0144
[ep 15/250] loss=5.2579 acc=0.0149 val_ge_auc=64.04 *best*
[ep 16/250] loss=5.2464 acc=0.0158
[ep 17/250] loss=5.2334 acc=0.0151
[ep 18/250] loss=5.2193 acc=0.0162
[ep 19/250] loss=5.2132 acc=0.0177
[ep 20/250] loss=5.2000 acc=0.0194 val_ge_auc=62.90 *best*
[ep 21/250] loss=5.1898 acc=0.0183
[ep 22/250] loss=5.1802 acc=0.0187
[ep 23/250] loss=5.1704 acc=0.0193
[ep 24/250] loss=5.1620 acc=0.0199
[ep 25/250] loss=5.1519 acc=0.0215 val_ge_auc=61.24 *best*
[ep 26/250] loss=5.1428 acc=0.0210
[ep 27/250] loss=5.1348 acc=0.0208
[ep 28/250] loss=5.1287 acc=0.0223
[ep 29/250] loss=5.1164 acc=0.0226
[ep 30/250] loss=5.1116 acc=0.0238 val_ge_auc=64.04 (stale 1/8)
[ep 31/250] loss=5.1043 acc=0.0240
[ep 32/250] loss=5.0957 acc=0.0247
[ep 33/250] loss=5.0910 acc=0.0241
[ep 34/250] loss=5.0851 acc=0.0253
[ep 35/250] loss=5.0775 acc=0.0251 val_ge_auc=63.27 (stale 2/8)
[ep 36/250] loss=5.0722 acc=0.0259
[ep 37/250] loss=5.0652 acc=0.0256
[ep 38/250] loss=5.0618 acc=0.0275
[ep 39/250] loss=5.0535 acc=0.0276
[ep 40/250] loss=5.0481 acc=0.0274 val_ge_auc=63.42 (stale 3/8)
[ep 41/250] loss=5.0443 acc=0.0272
[ep 42/250] loss=5.0373 acc=0.0289
[ep 43/250] loss=5.0387 acc=0.0279
[ep 44/250] loss=5.0322 acc=0.0296
[ep 45/250] loss=5.0223 acc=0.0292 val_ge_auc=65.38 (stale 4/8)
[ep 46/250] loss=5.0202 acc=0.0291
[ep 47/250] loss=5.0136 acc=0.0297
[ep 48/250] loss=5.0102 acc=0.0302
[ep 49/250] loss=5.0102 acc=0.0298
[ep 50/250] loss=5.0042 acc=0.0305 val_ge_auc=65.05 (stale 5/8)
[ep 51/250] loss=5.0003 acc=0.0310
[ep 52/250] loss=4.9957 acc=0.0313
[ep 53/250] loss=4.9931 acc=0.0312
[ep 54/250] loss=4.9918 acc=0.0319
[ep 55/250] loss=4.9850 acc=0.0323 val_ge_auc=66.18 (stale 6/8)
[ep 56/250] loss=4.9831 acc=0.0319
[ep 57/250] loss=4.9775 acc=0.0332
[ep 58/250] loss=4.9758 acc=0.0314
[ep 59/250] loss=4.9709 acc=0.0338
[ep 60/250] loss=4.9705 acc=0.0334 val_ge_auc=65.67 (stale 7/8)
[ep 61/250] loss=4.9635 acc=0.0342
[ep 62/250] loss=4.9621 acc=0.0338
[ep 63/250] loss=4.9614 acc=0.0329
[ep 64/250] loss=4.9596 acc=0.0342
[ep 65/250] loss=4.9546 acc=0.0344 val_ge_auc=66.91 (stale 8/8)
[patience] no improvement for 8 evals, stopping at ep 65
[early-stop] best val_ge_auc=61.24 at epoch 25
[GE] s3_v_quantum_qcnn_s0 min=9.700@2802 final=10.120 recov[GE<0.5]=None (GE<1=None) time=36.9min
