[data] s3_v_quantum_qcnn_s1 len=1400 train=45000 val=5000 attack=100000 key=0x22 early_stop=True
[model] s3_v_quantum_qcnn_s1 params=48382 (mid-block=22)
[ep 1/250] loss=5.5587 acc=0.0047
[ep 2/250] loss=5.5452 acc=0.0041
[ep 3/250] loss=5.5425 acc=0.0047
[ep 4/250] loss=5.5399 acc=0.0051
[ep 5/250] loss=5.5360 acc=0.0053 val_ge_auc=131.17 *best*
[ep 6/250] loss=5.5297 acc=0.0058
[ep 7/250] loss=5.5227 acc=0.0064
[ep 8/250] loss=5.5134 acc=0.0070
[ep 9/250] loss=5.5025 acc=0.0074
[ep 10/250] loss=5.4890 acc=0.0087 val_ge_auc=127.83 *best*
[ep 11/250] loss=5.4745 acc=0.0084
[ep 12/250] loss=5.4599 acc=0.0097
[ep 13/250] loss=5.4431 acc=0.0099
[ep 14/250] loss=5.4250 acc=0.0108
[ep 15/250] loss=5.4072 acc=0.0116 val_ge_auc=122.14 *best*
[ep 16/250] loss=5.3891 acc=0.0133
[ep 17/250] loss=5.3722 acc=0.0132
[ep 18/250] loss=5.3552 acc=0.0145
[ep 19/250] loss=5.3373 acc=0.0159
[ep 20/250] loss=5.3215 acc=0.0168 val_ge_auc=121.46 *best*
[ep 21/250] loss=5.3044 acc=0.0171
[ep 22/250] loss=5.2917 acc=0.0185
[ep 23/250] loss=5.2762 acc=0.0184
[ep 24/250] loss=5.2608 acc=0.0200
[ep 25/250] loss=5.2474 acc=0.0211 val_ge_auc=121.53 (stale 1/8)
[ep 26/250] loss=5.2325 acc=0.0217
[ep 27/250] loss=5.2214 acc=0.0217
[ep 28/250] loss=5.2077 acc=0.0228
[ep 29/250] loss=5.1965 acc=0.0230
[ep 30/250] loss=5.1864 acc=0.0248 val_ge_auc=122.22 (stale 2/8)
[ep 31/250] loss=5.1741 acc=0.0258
[ep 32/250] loss=5.1612 acc=0.0253
[ep 33/250] loss=5.1501 acc=0.0259
[ep 34/250] loss=5.1453 acc=0.0266
[ep 35/250] loss=5.1314 acc=0.0277 val_ge_auc=122.54 (stale 3/8)
[ep 36/250] loss=5.1206 acc=0.0278
[ep 37/250] loss=5.1145 acc=0.0286
[ep 38/250] loss=5.1038 acc=0.0299
[ep 39/250] loss=5.0962 acc=0.0298
[ep 40/250] loss=5.0873 acc=0.0296 val_ge_auc=122.46 (stale 4/8)
[ep 41/250] loss=5.0770 acc=0.0310
[ep 42/250] loss=5.0706 acc=0.0316
[ep 43/250] loss=5.0630 acc=0.0328
[ep 44/250] loss=5.0569 acc=0.0330
[ep 45/250] loss=5.0502 acc=0.0319 val_ge_auc=121.80 (stale 5/8)
[ep 46/250] loss=5.0379 acc=0.0333
[ep 47/250] loss=5.0336 acc=0.0340
[ep 48/250] loss=5.0270 acc=0.0341
[ep 49/250] loss=5.0189 acc=0.0356
[ep 50/250] loss=5.0143 acc=0.0349 val_ge_auc=122.88 (stale 6/8)
[ep 51/250] loss=5.0091 acc=0.0359
[ep 52/250] loss=5.0001 acc=0.0364
[ep 53/250] loss=4.9921 acc=0.0367
[ep 54/250] loss=4.9893 acc=0.0361
[ep 55/250] loss=4.9862 acc=0.0369 val_ge_auc=124.95 (stale 7/8)
[ep 56/250] loss=4.9804 acc=0.0380
[ep 57/250] loss=4.9738 acc=0.0393
[ep 58/250] loss=4.9660 acc=0.0389
[ep 59/250] loss=4.9650 acc=0.0385
[ep 60/250] loss=4.9604 acc=0.0389 val_ge_auc=123.82 (stale 8/8)
[patience] no improvement for 8 evals, stopping at ep 60
[early-stop] best val_ge_auc=121.46 at epoch 20
[GE] s3_v_quantum_qcnn_s1 min=17.440@2991 final=17.640 recov[GE<0.5]=None (GE<1=None) time=35.2min
