[data] s3_v_quantum_qcnn_q8c3_s0 len=1400 train=45000 val=5000 attack=100000 key=0x22 early_stop=True
[model] s3_v_quantum_qcnn_q8c3_s0 params=42766 (mid-block=22)
[ep 1/250] loss=5.5593 acc=0.0043
[ep 2/250] loss=5.5456 acc=0.0043
[ep 3/250] loss=5.5429 acc=0.0046
[ep 4/250] loss=5.5402 acc=0.0051
[ep 5/250] loss=5.5393 acc=0.0055 val_ge_auc=123.70 *best*
[ep 6/250] loss=5.5355 acc=0.0057
[ep 7/250] loss=5.5305 acc=0.0062
[ep 8/250] loss=5.5240 acc=0.0065
[ep 9/250] loss=5.5162 acc=0.0069
[ep 10/250] loss=5.5068 acc=0.0074 val_ge_auc=112.58 *best*
[ep 11/250] loss=5.4900 acc=0.0078
[ep 12/250] loss=5.4458 acc=0.0087
[ep 13/250] loss=5.3972 acc=0.0106
[ep 14/250] loss=5.3696 acc=0.0109
[ep 15/250] loss=5.3478 acc=0.0122 val_ge_auc=77.38 *best*
[ep 16/250] loss=5.3282 acc=0.0129
[ep 17/250] loss=5.3145 acc=0.0145
[ep 18/250] loss=5.2973 acc=0.0150
[ep 19/250] loss=5.2851 acc=0.0156
[ep 20/250] loss=5.2733 acc=0.0164 val_ge_auc=85.13 (stale 1/8)
[ep 21/250] loss=5.2604 acc=0.0170
[ep 22/250] loss=5.2497 acc=0.0177
[ep 23/250] loss=5.2390 acc=0.0187
[ep 24/250] loss=5.2329 acc=0.0198
[ep 25/250] loss=5.2216 acc=0.0190 val_ge_auc=71.84 *best*
[ep 26/250] loss=5.2121 acc=0.0200
[ep 27/250] loss=5.2010 acc=0.0214
[ep 28/250] loss=5.1949 acc=0.0208
[ep 29/250] loss=5.1851 acc=0.0216
[ep 30/250] loss=5.1807 acc=0.0212 val_ge_auc=64.63 *best*
[ep 31/250] loss=5.1718 acc=0.0216
[ep 32/250] loss=5.1629 acc=0.0222
[ep 33/250] loss=5.1581 acc=0.0224
[ep 34/250] loss=5.1522 acc=0.0234
[ep 35/250] loss=5.1436 acc=0.0236 val_ge_auc=73.02 (stale 1/8)
[ep 36/250] loss=5.1389 acc=0.0236
[ep 37/250] loss=5.1317 acc=0.0250
[ep 38/250] loss=5.1288 acc=0.0235
[ep 39/250] loss=5.1226 acc=0.0250
[ep 40/250] loss=5.1161 acc=0.0248 val_ge_auc=75.85 (stale 2/8)
[ep 41/250] loss=5.1106 acc=0.0263
[ep 42/250] loss=5.1049 acc=0.0263
[ep 43/250] loss=5.1018 acc=0.0260
[ep 44/250] loss=5.0977 acc=0.0265
[ep 45/250] loss=5.0936 acc=0.0274 val_ge_auc=67.70 (stale 3/8)
[ep 46/250] loss=5.0932 acc=0.0261
[ep 47/250] loss=5.0845 acc=0.0269
[ep 48/250] loss=5.0823 acc=0.0273
[ep 49/250] loss=5.0812 acc=0.0266
[ep 50/250] loss=5.0749 acc=0.0268 val_ge_auc=72.34 (stale 4/8)
[ep 51/250] loss=5.0706 acc=0.0279
[ep 52/250] loss=5.0692 acc=0.0286
[ep 53/250] loss=5.0660 acc=0.0276
[ep 54/250] loss=5.0606 acc=0.0291
[ep 55/250] loss=5.0582 acc=0.0292 val_ge_auc=70.93 (stale 5/8)
[ep 56/250] loss=5.0572 acc=0.0286
[ep 57/250] loss=5.0543 acc=0.0292
[ep 58/250] loss=5.0516 acc=0.0290
[ep 59/250] loss=5.0471 acc=0.0303
[ep 60/250] loss=5.0450 acc=0.0301 val_ge_auc=68.51 (stale 6/8)
[ep 61/250] loss=5.0434 acc=0.0300
[ep 62/250] loss=5.0405 acc=0.0306
[ep 63/250] loss=5.0378 acc=0.0306
[ep 64/250] loss=5.0407 acc=0.0302
[ep 65/250] loss=5.0338 acc=0.0305 val_ge_auc=73.51 (stale 7/8)
[ep 66/250] loss=5.0301 acc=0.0312
[ep 67/250] loss=5.0292 acc=0.0304
[ep 68/250] loss=5.0280 acc=0.0304
[ep 69/250] loss=5.0268 acc=0.0303
[ep 70/250] loss=5.0190 acc=0.0322 val_ge_auc=68.03 (stale 8/8)
[patience] no improvement for 8 evals, stopping at ep 70
[early-stop] best val_ge_auc=64.63 at epoch 30
[GE] s3_v_quantum_qcnn_q8c3_s0 min=0.010@2882 final=0.020 recov[GE<0.5]=1411 (GE<1=1142) time=40.1min
