[data] s3_v_quantum_qcnn_s2 len=1400 train=45000 val=5000 attack=100000 key=0x22 early_stop=True
[model] s3_v_quantum_qcnn_s2 params=48382 (mid-block=22)
[ep 1/250] loss=5.5576 acc=0.0041
[ep 2/250] loss=5.5451 acc=0.0042
[ep 3/250] loss=5.5418 acc=0.0048
[ep 4/250] loss=5.5384 acc=0.0054
[ep 5/250] loss=5.5350 acc=0.0053 val_ge_auc=126.49 *best*
[ep 6/250] loss=5.5295 acc=0.0052
[ep 7/250] loss=5.5154 acc=0.0068
[ep 8/250] loss=5.4736 acc=0.0078
[ep 9/250] loss=5.4200 acc=0.0083
[ep 10/250] loss=5.3776 acc=0.0092 val_ge_auc=71.05 *best*
[ep 11/250] loss=5.3516 acc=0.0097
[ep 12/250] loss=5.3305 acc=0.0101
[ep 13/250] loss=5.3167 acc=0.0111
[ep 14/250] loss=5.3013 acc=0.0112
[ep 15/250] loss=5.2875 acc=0.0123 val_ge_auc=66.90 *best*
[ep 16/250] loss=5.2761 acc=0.0122
[ep 17/250] loss=5.2662 acc=0.0138
[ep 18/250] loss=5.2555 acc=0.0140
[ep 19/250] loss=5.2445 acc=0.0143
[ep 20/250] loss=5.2363 acc=0.0155 val_ge_auc=65.95 *best*
[ep 21/250] loss=5.2286 acc=0.0154
[ep 22/250] loss=5.2197 acc=0.0147
[ep 23/250] loss=5.2134 acc=0.0159
[ep 24/250] loss=5.2037 acc=0.0161
[ep 25/250] loss=5.1959 acc=0.0166 val_ge_auc=67.38 (stale 1/8)
[ep 26/250] loss=5.1896 acc=0.0176
[ep 27/250] loss=5.1835 acc=0.0172
[ep 28/250] loss=5.1783 acc=0.0170
[ep 29/250] loss=5.1721 acc=0.0183
[ep 30/250] loss=5.1654 acc=0.0182 val_ge_auc=66.27 (stale 2/8)
[ep 31/250] loss=5.1609 acc=0.0175
[ep 32/250] loss=5.1531 acc=0.0196
[ep 33/250] loss=5.1474 acc=0.0191
[ep 34/250] loss=5.1432 acc=0.0189
[ep 35/250] loss=5.1385 acc=0.0204 val_ge_auc=68.23 (stale 3/8)
[ep 36/250] loss=5.1359 acc=0.0203
[ep 37/250] loss=5.1262 acc=0.0213
[ep 38/250] loss=5.1208 acc=0.0208
[ep 39/250] loss=5.1163 acc=0.0213
[ep 40/250] loss=5.1113 acc=0.0225 val_ge_auc=66.92 (stale 4/8)
[ep 41/250] loss=5.1066 acc=0.0218
[ep 42/250] loss=5.1000 acc=0.0220
[ep 43/250] loss=5.0941 acc=0.0226
[ep 44/250] loss=5.0894 acc=0.0215
[ep 45/250] loss=5.0869 acc=0.0238 val_ge_auc=67.35 (stale 5/8)
[ep 46/250] loss=5.0810 acc=0.0225
[ep 47/250] loss=5.0804 acc=0.0240
[ep 48/250] loss=5.0722 acc=0.0243
[ep 49/250] loss=5.0694 acc=0.0246
[ep 50/250] loss=5.0674 acc=0.0244 val_ge_auc=68.49 (stale 6/8)
[ep 51/250] loss=5.0623 acc=0.0238
[ep 52/250] loss=5.0581 acc=0.0251
[ep 53/250] loss=5.0545 acc=0.0249
[ep 54/250] loss=5.0518 acc=0.0254
[ep 55/250] loss=5.0482 acc=0.0250 val_ge_auc=67.67 (stale 7/8)
[ep 56/250] loss=5.0468 acc=0.0259
[ep 57/250] loss=5.0455 acc=0.0262
[ep 58/250] loss=5.0392 acc=0.0264
[ep 59/250] loss=5.0330 acc=0.0255
[ep 60/250] loss=5.0341 acc=0.0262 val_ge_auc=68.90 (stale 8/8)
[patience] no improvement for 8 evals, stopping at ep 60
[early-stop] best val_ge_auc=65.95 at epoch 20
[GE] s3_v_quantum_qcnn_s2 min=26.560@157 final=28.150 recov[GE<0.5]=None (GE<1=None) time=42.6min
