[data] s3_v_clswide_qcnn_s1 len=1400 train=45000 val=5000 attack=100000 key=0x22 early_stop=True
[model] s3_v_clswide_qcnn_s1 params=48504 (mid-block=144)
[ep 1/250] loss=5.5548 acc=0.0038
[ep 2/250] loss=5.5457 acc=0.0043
[ep 3/250] loss=5.5442 acc=0.0039
[ep 4/250] loss=5.5431 acc=0.0044
[ep 5/250] loss=5.5418 acc=0.0051 val_ge_auc=131.84 *best*
[ep 6/250] loss=5.5403 acc=0.0052
[ep 7/250] loss=5.5385 acc=0.0048
[ep 8/250] loss=5.5359 acc=0.0057
[ep 9/250] loss=5.5336 acc=0.0062
[ep 10/250] loss=5.5291 acc=0.0058 val_ge_auc=133.58 (stale 1/8)
[ep 11/250] loss=5.5250 acc=0.0068
[ep 12/250] loss=5.5203 acc=0.0064
[ep 13/250] loss=5.5145 acc=0.0066
[ep 14/250] loss=5.5072 acc=0.0066
[ep 15/250] loss=5.5016 acc=0.0068 val_ge_auc=130.09 *best*
[ep 16/250] loss=5.4941 acc=0.0076
[ep 17/250] loss=5.4880 acc=0.0074
[ep 18/250] loss=5.4813 acc=0.0082
[ep 19/250] loss=5.4763 acc=0.0087
[ep 20/250] loss=5.4694 acc=0.0079 val_ge_auc=132.72 (stale 1/8)
[ep 21/250] loss=5.4641 acc=0.0091
[ep 22/250] loss=5.4582 acc=0.0089
[ep 23/250] loss=5.4522 acc=0.0098
[ep 24/250] loss=5.4462 acc=0.0104
[ep 25/250] loss=5.4416 acc=0.0102 val_ge_auc=130.37 (stale 2/8)
[ep 26/250] loss=5.4361 acc=0.0103
[ep 27/250] loss=5.4301 acc=0.0105
[ep 28/250] loss=5.4245 acc=0.0107
[ep 29/250] loss=5.4183 acc=0.0108
[ep 30/250] loss=5.4120 acc=0.0109 val_ge_auc=128.20 *best*
[ep 31/250] loss=5.4084 acc=0.0115
[ep 32/250] loss=5.4014 acc=0.0121
[ep 33/250] loss=5.3960 acc=0.0127
[ep 34/250] loss=5.3929 acc=0.0123
[ep 35/250] loss=5.3873 acc=0.0120 val_ge_auc=128.16 *best*
[ep 36/250] loss=5.3819 acc=0.0133
[ep 37/250] loss=5.3787 acc=0.0127
[ep 38/250] loss=5.3724 acc=0.0136
[ep 39/250] loss=5.3689 acc=0.0135
[ep 40/250] loss=5.3640 acc=0.0140 val_ge_auc=126.73 *best*
[ep 41/250] loss=5.3593 acc=0.0142
[ep 42/250] loss=5.3558 acc=0.0143
[ep 43/250] loss=5.3508 acc=0.0140
[ep 44/250] loss=5.3470 acc=0.0147
[ep 45/250] loss=5.3425 acc=0.0145 val_ge_auc=125.71 *best*
[ep 46/250] loss=5.3390 acc=0.0144
[ep 47/250] loss=5.3341 acc=0.0150
[ep 48/250] loss=5.3324 acc=0.0148
[ep 49/250] loss=5.3301 acc=0.0147
[ep 50/250] loss=5.3246 acc=0.0156 val_ge_auc=126.59 (stale 1/8)
[ep 51/250] loss=5.3218 acc=0.0148
[ep 52/250] loss=5.3142 acc=0.0155
[ep 53/250] loss=5.3139 acc=0.0158
[ep 54/250] loss=5.3114 acc=0.0161
[ep 55/250] loss=5.3061 acc=0.0151 val_ge_auc=126.44 (stale 2/8)
[ep 56/250] loss=5.3029 acc=0.0158
[ep 57/250] loss=5.3028 acc=0.0159
[ep 58/250] loss=5.2971 acc=0.0164
[ep 59/250] loss=5.2918 acc=0.0161
[ep 60/250] loss=5.2908 acc=0.0164 val_ge_auc=125.06 *best*
[ep 61/250] loss=5.2881 acc=0.0167
[ep 62/250] loss=5.2856 acc=0.0168
[ep 63/250] loss=5.2826 acc=0.0172
[ep 64/250] loss=5.2769 acc=0.0178
[ep 65/250] loss=5.2759 acc=0.0176 val_ge_auc=125.63 (stale 1/8)
[ep 66/250] loss=5.2740 acc=0.0181
[ep 67/250] loss=5.2720 acc=0.0180
[ep 68/250] loss=5.2677 acc=0.0172
[ep 69/250] loss=5.2651 acc=0.0182
[ep 70/250] loss=5.2602 acc=0.0180 val_ge_auc=124.56 *best*
[ep 71/250] loss=5.2594 acc=0.0188
[ep 72/250] loss=5.2586 acc=0.0186
[ep 73/250] loss=5.2567 acc=0.0180
[ep 74/250] loss=5.2527 acc=0.0189
[ep 75/250] loss=5.2482 acc=0.0190 val_ge_auc=125.17 (stale 1/8)
[ep 76/250] loss=5.2491 acc=0.0194
[ep 77/250] loss=5.2449 acc=0.0195
[ep 78/250] loss=5.2425 acc=0.0197
[ep 79/250] loss=5.2426 acc=0.0193
[ep 80/250] loss=5.2412 acc=0.0196 val_ge_auc=127.09 (stale 2/8)
[ep 81/250] loss=5.2341 acc=0.0192
[ep 82/250] loss=5.2350 acc=0.0189
[ep 83/250] loss=5.2319 acc=0.0200
[ep 84/250] loss=5.2289 acc=0.0196
[ep 85/250] loss=5.2274 acc=0.0192 val_ge_auc=125.17 (stale 3/8)
[ep 86/250] loss=5.2266 acc=0.0196
[ep 87/250] loss=5.2245 acc=0.0194
[ep 88/250] loss=5.2216 acc=0.0205
[ep 89/250] loss=5.2187 acc=0.0202
[ep 90/250] loss=5.2164 acc=0.0205 val_ge_auc=126.53 (stale 4/8)
[ep 91/250] loss=5.2105 acc=0.0206
[ep 92/250] loss=5.2156 acc=0.0211
[ep 93/250] loss=5.2145 acc=0.0212
[ep 94/250] loss=5.2121 acc=0.0204
[ep 95/250] loss=5.2081 acc=0.0221 val_ge_auc=127.01 (stale 5/8)
[ep 96/250] loss=5.2055 acc=0.0214
[ep 97/250] loss=5.2011 acc=0.0214
[ep 98/250] loss=5.2023 acc=0.0212
[ep 99/250] loss=5.1977 acc=0.0206
[ep 100/250] loss=5.1970 acc=0.0214 val_ge_auc=127.45 (stale 6/8)
[ep 101/250] loss=5.1975 acc=0.0215
[ep 102/250] loss=5.1959 acc=0.0208
[ep 103/250] loss=5.1933 acc=0.0216
[ep 104/250] loss=5.1913 acc=0.0218
[ep 105/250] loss=5.1932 acc=0.0222 val_ge_auc=125.83 (stale 7/8)
[ep 106/250] loss=5.1869 acc=0.0218
[ep 107/250] loss=5.1876 acc=0.0229
[ep 108/250] loss=5.1834 acc=0.0216
[ep 109/250] loss=5.1820 acc=0.0227
[ep 110/250] loss=5.1795 acc=0.0231 val_ge_auc=126.81 (stale 8/8)
[patience] no improvement for 8 evals, stopping at ep 110
[early-stop] best val_ge_auc=124.56 at epoch 70
[GE] s3_v_clswide_qcnn_s1 min=112.240@2883 final=113.160 recov[GE<0.5]=None (GE<1=None) time=23.5min
